Archive member included to satisfy reference by file (symbol)

c:/altera/14.1/nios2eds/bin/gnu/h-x86_64-mingw32/bin/../lib/gcc/nios2-elf/4.8.3\libgcc.a(lib2-divmod.o)
                              obj/default/drivers/drivers.o (__divsi3)
c:/altera/14.1/nios2eds/bin/gnu/h-x86_64-mingw32/bin/../lib/gcc/nios2-elf/4.8.3\libgcc.a(fixsfsi.o)
                              obj/default/drivers/drivers.o (__fixsfsi)
c:/altera/14.1/nios2eds/bin/gnu/h-x86_64-mingw32/bin/../lib/gcc/nios2-elf/4.8.3/../../../../../H-x86_64-mingw32/nios2-elf/lib\libc.a(lib_a-malloc.o)
                              obj/default/graphic_lib/draw_gimps.o (malloc)
c:/altera/14.1/nios2eds/bin/gnu/h-x86_64-mingw32/bin/../lib/gcc/nios2-elf/4.8.3/../../../../../H-x86_64-mingw32/nios2-elf/lib\libc.a(lib_a-mallocr.o)
                              c:/altera/14.1/nios2eds/bin/gnu/h-x86_64-mingw32/bin/../lib/gcc/nios2-elf/4.8.3/../../../../../H-x86_64-mingw32/nios2-elf/lib\libc.a(lib_a-malloc.o) (_malloc_r)
c:/altera/14.1/nios2eds/bin/gnu/h-x86_64-mingw32/bin/../lib/gcc/nios2-elf/4.8.3/../../../../../H-x86_64-mingw32/nios2-elf/lib\libc.a(lib_a-memcpy.o)
                              obj/default/graphic_lib/draw_gimps.o (memcpy)
c:/altera/14.1/nios2eds/bin/gnu/h-x86_64-mingw32/bin/../lib/gcc/nios2-elf/4.8.3/../../../../../H-x86_64-mingw32/nios2-elf/lib\libc.a(lib_a-memset.o)
                              obj/default/vip_fr.o (memset)
c:/altera/14.1/nios2eds/bin/gnu/h-x86_64-mingw32/bin/../lib/gcc/nios2-elf/4.8.3/../../../../../H-x86_64-mingw32/nios2-elf/lib\libc.a(lib_a-printf.o)
                              obj/default/graphic_lib/draw_gimps.o (printf)
c:/altera/14.1/nios2eds/bin/gnu/h-x86_64-mingw32/bin/../lib/gcc/nios2-elf/4.8.3/../../../../../H-x86_64-mingw32/nios2-elf/lib\libc.a(lib_a-sbrkr.o)
                              c:/altera/14.1/nios2eds/bin/gnu/h-x86_64-mingw32/bin/../lib/gcc/nios2-elf/4.8.3/../../../../../H-x86_64-mingw32/nios2-elf/lib\libc.a(lib_a-mallocr.o) (_sbrk_r)
c:/altera/14.1/nios2eds/bin/gnu/h-x86_64-mingw32/bin/../lib/gcc/nios2-elf/4.8.3/../../../../../H-x86_64-mingw32/nios2-elf/lib\libc.a(lib_a-strcpy.o)
                              obj/default/graphic_lib/simple_graphics.o (strcpy)
c:/altera/14.1/nios2eds/bin/gnu/h-x86_64-mingw32/bin/../lib/gcc/nios2-elf/4.8.3/../../../../../H-x86_64-mingw32/nios2-elf/lib\libc.a(lib_a-strlen.o)
                              obj/default/graphic_lib/simple_graphics.o (strlen)
c:/altera/14.1/nios2eds/bin/gnu/h-x86_64-mingw32/bin/../lib/gcc/nios2-elf/4.8.3/../../../../../H-x86_64-mingw32/nios2-elf/lib\libc.a(lib_a-vfprintf.o)
                              c:/altera/14.1/nios2eds/bin/gnu/h-x86_64-mingw32/bin/../lib/gcc/nios2-elf/4.8.3/../../../../../H-x86_64-mingw32/nios2-elf/lib\libc.a(lib_a-printf.o) (___vfprintf_internal_r)
c:/altera/14.1/nios2eds/bin/gnu/h-x86_64-mingw32/bin/../lib/gcc/nios2-elf/4.8.3/../../../../../H-x86_64-mingw32/nios2-elf/lib\libc.a(lib_a-wsetup.o)
                              c:/altera/14.1/nios2eds/bin/gnu/h-x86_64-mingw32/bin/../lib/gcc/nios2-elf/4.8.3/../../../../../H-x86_64-mingw32/nios2-elf/lib\libc.a(lib_a-vfprintf.o) (__swsetup_r)
c:/altera/14.1/nios2eds/bin/gnu/h-x86_64-mingw32/bin/../lib/gcc/nios2-elf/4.8.3/../../../../../H-x86_64-mingw32/nios2-elf/lib\libc.a(lib_a-dtoa.o)
                              c:/altera/14.1/nios2eds/bin/gnu/h-x86_64-mingw32/bin/../lib/gcc/nios2-elf/4.8.3/../../../../../H-x86_64-mingw32/nios2-elf/lib\libc.a(lib_a-vfprintf.o) (_dtoa_r)
c:/altera/14.1/nios2eds/bin/gnu/h-x86_64-mingw32/bin/../lib/gcc/nios2-elf/4.8.3/../../../../../H-x86_64-mingw32/nios2-elf/lib\libc.a(lib_a-fflush.o)
                              c:/altera/14.1/nios2eds/bin/gnu/h-x86_64-mingw32/bin/../lib/gcc/nios2-elf/4.8.3/../../../../../H-x86_64-mingw32/nios2-elf/lib\libc.a(lib_a-vfprintf.o) (_fflush_r)
c:/altera/14.1/nios2eds/bin/gnu/h-x86_64-mingw32/bin/../lib/gcc/nios2-elf/4.8.3/../../../../../H-x86_64-mingw32/nios2-elf/lib\libc.a(lib_a-findfp.o)
                              c:/altera/14.1/nios2eds/bin/gnu/h-x86_64-mingw32/bin/../lib/gcc/nios2-elf/4.8.3/../../../../../H-x86_64-mingw32/nios2-elf/lib\libc.a(lib_a-vfprintf.o) (__sinit)
c:/altera/14.1/nios2eds/bin/gnu/h-x86_64-mingw32/bin/../lib/gcc/nios2-elf/4.8.3/../../../../../H-x86_64-mingw32/nios2-elf/lib\libc.a(lib_a-freer.o)
                              c:/altera/14.1/nios2eds/bin/gnu/h-x86_64-mingw32/bin/../lib/gcc/nios2-elf/4.8.3/../../../../../H-x86_64-mingw32/nios2-elf/lib\libc.a(lib_a-malloc.o) (_free_r)
c:/altera/14.1/nios2eds/bin/gnu/h-x86_64-mingw32/bin/../lib/gcc/nios2-elf/4.8.3/../../../../../H-x86_64-mingw32/nios2-elf/lib\libc.a(lib_a-fwalk.o)
                              c:/altera/14.1/nios2eds/bin/gnu/h-x86_64-mingw32/bin/../lib/gcc/nios2-elf/4.8.3/../../../../../H-x86_64-mingw32/nios2-elf/lib\libc.a(lib_a-findfp.o) (_fwalk)
[...]
Memory Configuration

Name             Origin             Length             Attributes
reset            0x0000000004000000 0x0000000000000020
sdram_BEFORE_EXCEPTION 0x0000000004000020 0x000000000057e400
sdram            0x000000000457e420 0x0000000003a81be0
*default*        0x0000000000000000 0xffffffffffffffff

Linker script and memory map

LOAD ../lab5_bsp//obj/HAL/src/crt0.o
LOAD obj/default/drivers/drivers.o
LOAD obj/default/fonts/tahomabold_20.o
LOAD obj/default/fonts/tahomabold_32.o
LOAD obj/default/frame.o
LOAD obj/default/graphic_lib/draw_gimps.o
LOAD obj/default/graphic_lib/gimp_bmp.o
LOAD obj/default/graphic_lib/simple_graphics.o
LOAD obj/default/graphic_lib/simple_text.o
LOAD obj/default/hello_ucosii.o
LOAD obj/default/imagenes/back_down.o
LOAD obj/default/imagenes/back_up.o
LOAD obj/default/imagenes/ford_down.o
LOAD obj/default/imagenes/ford_up.o
LOAD obj/default/imagenes/pause_down.o
LOAD obj/default/imagenes/pause_up.o
LOAD obj/default/imagenes/play_down.o
LOAD obj/default/imagenes/play_up.o
LOAD obj/default/imagenes/stop_down.o
LOAD obj/default/imagenes/stop_up.o
LOAD obj/default/song/song.o
LOAD obj/default/student_code/student_code.o
LOAD obj/default/vip_fr.o
LOAD c:/altera/14.1/nios2eds/bin/gnu/h-x86_64-mingw32/bin/../lib/gcc/nios2-elf/4.8.3/../../../../../H-x86_64-mingw32/nios2-elf/lib\libstdc++.a
LOAD c:/altera/14.1/nios2eds/bin/gnu/h-x86_64-mingw32/bin/../lib/gcc/nios2-elf/4.8.3/../../../../../H-x86_64-mingw32/nios2-elf/lib\libm.a
LOAD c:/altera/14.1/nios2eds/bin/gnu/h-x86_64-mingw32/bin/../lib/gcc/nios2-elf/4.8.3\libgcc.a
START GROUP
LOAD c:/altera/14.1/nios2eds/bin/gnu/h-x86_64-mingw32/bin/../lib/gcc/nios2-elf/4.8.3/../../../../../H-x86_64-mingw32/nios2-elf/lib\libc.a
LOAD c:/altera/14.1/nios2eds/bin/gnu/h-x86_64-mingw32/bin/../lib/gcc/nios2-elf/4.8.3\libgcc.a
LOAD ../lab5_bsp/\libucosii_bsp.a
LOAD c:/altera/14.1/nios2eds/bin/gnu/h-x86_64-mingw32/bin/../lib/gcc/nios2-elf/4.8.3/../../../../../H-x86_64-mingw32/nios2-elf/lib\libm.a
END GROUP
LOAD c:/altera/14.1/nios2eds/bin/gnu/h-x86_64-mingw32/bin/../lib/gcc/nios2-elf/4.8.3\libgcc.a
                0x0000000004000000                __alt_mem_sdram = 0x4000000

.entry          0x0000000004000000       0x20
 *(.entry)
 .entry         0x0000000004000000       0x20 ../lab5_bsp//obj/HAL/src/crt0.o
                0x0000000004000000                __reset

.exceptions     0x000000000457e420      0x15c
                0x000000000457e420                PROVIDE (__ram_exceptions_start, ABSOLUTE (.))
                0x000000000457e420                . = ALIGN (0x20)
 *(.irq)
 *(.exceptions.entry.label)
 .exceptions.entry.label
                0x000000000457e420        0x0 ../lab5_bsp/\libucosii_bsp.a(alt_irq_entry.o)
                0x000000000457e420                alt_irq_entry
 .exceptions.entry.label
                0x000000000457e420        0x0 ../lab5_bsp/\libucosii_bsp.a(alt_exception_entry.o)
                0x000000000457e420                alt_exception
 *(.exceptions.entry.user)
 *(.exceptions.entry.ecc_fatal)
 *(.exceptions.entry)
 .exceptions.entry
                0x000000000457e420       0x54 ../lab5_bsp/\libucosii_bsp.a(alt_exception_entry.o)
 *(.exceptions.irqtest.user)
 *(.exceptions.irqtest)
 .exceptions.irqtest
                0x000000000457e474       0x10 ../lab5_bsp/\libucosii_bsp.a(alt_irq_entry.o)
 *(.exceptions.irqhandler.user)
 *(.exceptions.irqhandler)
 .exceptions.irqhandler
                0x000000000457e484        0x4 ../lab5_bsp/\libucosii_bsp.a(alt_irq_entry.o)
 *(.exceptions.irqreturn.user)
 *(.exceptions.irqreturn)
 .exceptions.irqreturn
                0x000000000457e488        0x4 ../lab5_bsp/\libucosii_bsp.a(alt_irq_entry.o)
 *(.exceptions.notirq.label)
 .exceptions.notirq.label
                0x000000000457e48c        0x0 ../lab5_bsp/\libucosii_bsp.a(alt_irq_entry.o)
 *(.exceptions.notirq.user)
 *(.exceptions.notirq)
 .exceptions.notirq
                0x000000000457e48c        0x8 ../lab5_bsp/\libucosii_bsp.a(alt_exception_entry.o)
 *(.exceptions.soft.user)
 *(.exceptions.soft)
 *(.exceptions.unknown.user)
 *(.exceptions.unknown)
 .exceptions.unknown
                0x000000000457e494        0x4 ../lab5_bsp/\libucosii_bsp.a(alt_exception_entry.o)
 *(.exceptions.exit.label)
 .exceptions.exit.label
                0x000000000457e498        0x0 ../lab5_bsp/\libucosii_bsp.a(alt_irq_entry.o)
 .exceptions.exit.label
                0x000000000457e498        0x0 ../lab5_bsp/\libucosii_bsp.a(alt_exception_entry.o)
 *(.exceptions.exit.user)
 *(.exceptions.exit)
 .exceptions.exit
                0x000000000457e498       0x54 ../lab5_bsp/\libucosii_bsp.a(alt_exception_entry.o)
 *(.exceptions)
 .exceptions    0x000000000457e4ec       0x90 ../lab5_bsp/\libucosii_bsp.a(alt_irq_handler.o)
                0x000000000457e4ec                alt_irq_handler
                0x000000000457e57c                PROVIDE (__ram_exceptions_end, ABSOLUTE (.))
                0x000000000457e420                PROVIDE (__flash_exceptions_start, LOADADDR (.exceptions))

.text           0x000000000457e57c    0x190a8
                0x000000000457e57c                PROVIDE (stext, ABSOLUTE (.))
 *(.interp)
 *(.hash)
 *(.dynsym)
 *(.dynstr)
 *(.gnu.version)
 *(.gnu.version_d)
 *(.gnu.version_r)
 *(.rel.init)
 *(.rela.init)
 *(.rel.text .rel.text.* .rel.gnu.linkonce.t.*)
 *(.rela.text .rela.text.* .rela.gnu.linkonce.t.*)
 *(.rel.fini)
 *(.rela.fini)
 *(.rel.rodata .rel.rodata.* .rel.gnu.linkonce.r.*)
 *(.rela.rodata .rela.rodata.* .rela.gnu.linkonce.r.*)
 *(.rel.data .rel.data.* .rel.gnu.linkonce.d.*)
 *(.rela.data .rela.data.* .rela.gnu.linkonce.d.*)
 *(.rel.tdata .rel.tdata.* .rel.gnu.linkonce.td.*)
 *(.rela.tdata .rela.tdata.* .rela.gnu.linkonce.td.*)
 *(.rel.tbss .rel.tbss.* .rel.gnu.linkonce.tb.*)
 *(.rela.tbss .rela.tbss.* .rela.gnu.linkonce.tb.*)
 *(.rel.ctors)
 *(.rela.ctors)
 *(.rel.dtors)
 *(.rela.dtors)
 *(.rel.got)
 *(.rela.got)
 *(.rel.sdata .rel.sdata.* .rel.gnu.linkonce.s.*)
 *(.rela.sdata .rela.sdata.* .rela.gnu.linkonce.s.*)
 *(.rel.sbss .rel.sbss.* .rel.gnu.linkonce.sb.*)
 *(.rela.sbss .rela.sbss.* .rela.gnu.linkonce.sb.*)
 *(.rel.sdata2 .rel.sdata2.* .rel.gnu.linkonce.s2.*)
 *(.rela.sdata2 .rela.sdata2.* .rela.gnu.linkonce.s2.*)
 *(.rel.sbss2 .rel.sbss2.* .rel.gnu.linkonce.sb2.*)
 *(.rela.sbss2 .rela.sbss2.* .rela.gnu.linkonce.sb2.*)
 *(.rel.bss .rel.bss.* .rel.gnu.linkonce.b.*)
 *(.rela.bss .rela.bss.* .rela.gnu.linkonce.b.*)
 *(.rel.plt)
 *(.rela.plt)
 *(.rel.dyn)
 *(.init)
 *(.plt)
 *(.text .stub .text.* .gnu.linkonce.t.*)
 .text          0x000000000457e57c       0x4c ../lab5_bsp//obj/HAL/src/crt0.o
                0x000000000457e57c                _start
 .text          0x000000000457e5c8     0x182c obj/default/drivers/drivers.o
                0x000000000457e5c8                audio_dac_wr_fifo
                0x000000000457e63c                stop_wav
                0x000000000457e660                play_wav
                0x000000000457e67c                pause_wav
                0x000000000457e694                audio_dac_fifo_full
                0x000000000457e6a8                init_audio_hw
                0x000000000457e6e4                set_audio_frequency_audio_controller
                0x000000000457e71c                set_note
                0x000000000457e754                select_modulation
                0x000000000457e768                select_signal
                0x000000000457e77c                audio_selector
                0x000000000457e790                read_keyboard
                0x000000000457e7a0                mouse_pos
                0x000000000457e854                Sleep
                0x000000000457e8a0                Beep
                0x000000000457e8dc                starwars
                0x000000000457ea3c                gloria
                0x000000000457ef20                mario
                0x000000000457f7c0                tetris
 .text          0x000000000457fdf4        0x0 obj/default/fonts/tahomabold_20.o
 .text          0x000000000457fdf4        0x0 obj/default/fonts/tahomabold_32.o
 .text          0x000000000457fdf4      0x120 obj/default/frame.o
                0x000000000457fdf4                ConfigVFR
                0x000000000457feb4                GetFrameBuffer
                0x000000000457fed0                cleanscreen
 .text          0x000000000457ff14      0x55c obj/default/graphic_lib/draw_gimps.o
                0x000000000457ff14                AsVidCopyImageToBuffer
                0x000000000457ffec                AsVidCopyImageToBuffer2
                0x00000000045800e8                AsVidCopyImageToBuffer3
                0x0000000004580208                DispIMAGE
                0x00000000045802b8                DispIMAGE_fit
                0x00000000045803a4                DispIMAGE_from_gimp
 .text          0x0000000004580470      0x508 obj/default/graphic_lib/gimp_bmp.o
                0x0000000004580470                copy_pix_map_32_to_32
                0x00000000045804e0                copy_pix_map_32_to_24
                0x0000000004580560                copy_pix_map_32_to_16
                0x00000000045805e8                copy_pix_map_24_to_32
                0x0000000004580670                copy_pix_map_24_to_24
                0x00000000045806f0                copy_pix_map_24_to_16
                0x0000000004580798                load_gimp_bmp
 .text          0x0000000004580978     0x1ff0 obj/default/graphic_lib/simple_graphics.o
                0x0000000004580978                vid_scroll_string_quit
                0x00000000045809a8                vid_scroll_string_init
                0x0000000004580a94                vid_set_pixel
                0x0000000004580b88                vid_print_char
                0x0000000004580c70                vid_print_string
                0x0000000004580d48                vid_get_pixel
                0x0000000004580da4                vid_move_block
                0x0000000004580ea8                vid_paint_block
                0x0000000004581028                vid_clean_screen
                0x0000000004581058                vid_draw_horiz_line
                0x000000000458128c                vid_merge_colors
                0x00000000045812a8                vid_color_convert24_16
                0x00000000045812dc                vid_color_convert16_24
                0x0000000004581304                vid_copy_line_to_frame_buffer
                0x00000000045814bc                vid_draw_sloped_line
                0x0000000004581648                vid_draw_line
                0x00000000045816c4                vid_draw_box
                0x000000000458183c                vid_scroll_string
                0x0000000004581a6c                vid_round_corner_points
                0x0000000004581ee8                vid_draw_circle
                0x0000000004582000                vid_draw_round_corner_box
                0x00000000045822f0                max3
                0x0000000004582308                min3
                0x0000000004582320                max_diff3
                0x000000000458234c                vid_put_pixel_in_span_map
                0x0000000004582390                vid_bres_scan_edges
                0x00000000045824d8                vid_draw_triangle
                0x00000000045827ac                CopyImage16
                0x000000000458286c                CropImage16
 .text          0x0000000004582968      0xb48 obj/default/graphic_lib/simple_text.o
                0x0000000004582968                seperate_color_channels
                0x00000000045829f8                merge_color_channels
                0x0000000004582a70                read_from_frame
                0x0000000004582bc4                alpha_blending
                0x0000000004582e70                vid_print_char_alpha
                0x0000000004583298                vid_print_string_alpha
                0x0000000004583434                vid_string_pixel_length_alpha
 .text          0x00000000045834b0     0x13a4 obj/default/hello_ucosii.o
                0x00000000045834b0                draw_button
                0x000000000458362c                task2
                0x0000000004584288                init_background
                0x0000000004584654                send_audio_fifo
                0x00000000045846d0                task1
                0x0000000004584774                main
 .text          0x0000000004584854        0x0 obj/default/imagenes/back_down.o
 .text          0x0000000004584854        0x0 obj/default/imagenes/back_up.o
 .text          0x0000000004584854        0x0 obj/default/imagenes/ford_down.o
 .text          0x0000000004584854        0x0 obj/default/imagenes/ford_up.o
 .text          0x0000000004584854        0x0 obj/default/imagenes/pause_down.o
 .text          0x0000000004584854        0x0 obj/default/imagenes/pause_up.o
 .text          0x0000000004584854        0x0 obj/default/imagenes/play_down.o
 .text          0x0000000004584854        0x0 obj/default/imagenes/play_up.o
 .text          0x0000000004584854        0x0 obj/default/imagenes/stop_down.o
 .text          0x0000000004584854        0x0 obj/default/imagenes/stop_up.o
 .text          0x0000000004584854        0x0 obj/default/song/song.o
 .text          0x0000000004584854       0xc8 obj/default/student_code/student_code.o
                0x0000000004584854                handle_lfsr_interrupts
                0x00000000045848d4                init_lfsr_interrupt
 .text          0x000000000458491c      0x2bc obj/default/vip_fr.o
                0x000000000458491c                VIPFR_UnInit
                0x0000000004584938                VIPFR_Go
                0x0000000004584948                VIPFR_GetDrawFrame
                0x0000000004584960                VIPFR_ActiveDrawFrame
                0x00000000045849a8                DRAW_EraseScreen
                0x00000000045849f8                FrameReader_SetFrame0
                0x0000000004584a20                FrameReader_SetFrame1
                0x0000000004584a48                VIPFR_SetFrameSize
                0x0000000004584ad0                VIPFR_Init
                0x0000000004584b74                FrameReader_SelectFrame
                0x0000000004584b80                FrameReader_Go
                0x0000000004584b8c                VIPFR_ReserveBackground
 .text          0x0000000004584bd8      0x114 c:/altera/14.1/nios2eds/bin/gnu/h-x86_64-mingw32/bin/../lib/gcc/nios2-elf/4.8.3\libgcc.a(lib2-divmod.o)
                0x0000000004584c48                __divsi3
                0x0000000004584c90                __modsi3
                0x0000000004584cdc                __udivsi3
                0x0000000004584ce4                __umodsi3
 .text          0x0000000004584cec       0x70 c:/altera/14.1/nios2eds/bin/gnu/h-x86_64-mingw32/bin/../lib/gcc/nios2-elf/4.8.3\libgcc.a(fixsfsi.o)
                0x0000000004584cec                __fixsfsi
 .text          0x0000000004584d5c       0x28 c:/altera/14.1/nios2eds/bin/gnu/h-x86_64-mingw32/bin/../lib/gcc/nios2-elf/4.8.3/../../../../../H-x86_64-mingw32/nios2-elf/lib\libc.a(lib_a-malloc.o)
                0x0000000004584d5c                malloc
                0x0000000004584d70                free
 .text          0x0000000004584d84      0x7c4 c:/altera/14.1/nios2eds/bin/gnu/h-x86_64-mingw32/bin/../lib/gcc/nios2-elf/4.8.3/../../../../../H-x86_64-mingw32/nios2-elf/lib\libc.a(lib_a-mallocr.o)
                0x0000000004584d84                _malloc_r
 .text          0x0000000004585548      0x10c c:/altera/14.1/nios2eds/bin/gnu/h-x86_64-mingw32/bin/../lib/gcc/nios2-elf/4.8.3/../../../../../H-x86_64-mingw32/nios2-elf/lib\libc.a(lib_a-memcpy.o)
                0x0000000004585548                memcpy
 .text          0x0000000004585654      0x114 c:/altera/14.1/nios2eds/bin/gnu/h-x86_64-mingw32/bin/../lib/gcc/nios2-elf/4.8.3/../../../../../H-x86_64-mingw32/nios2-elf/lib\libc.a(lib_a-memset.o)
                0x0000000004585654                memset
 .text          0x0000000004585768       0x68 c:/altera/14.1/nios2eds/bin/gnu/h-x86_64-mingw32/bin/../lib/gcc/nios2-elf/4.8.3/../../../../../H-x86_64-mingw32/nios2-elf/lib\libc.a(lib_a-printf.o)
                0x0000000004585768                _printf_r
                0x0000000004585794                printf
 .text          0x00000000045857d0       0x64 c:/altera/14.1/nios2eds/bin/gnu/h-x86_64-mingw32/bin/../lib/gcc/nios2-elf/4.8.3/../../../../../H-x86_64-mingw32/nios2-elf/lib\libc.a(lib_a-sbrkr.o)
                0x00000000045857d0                _sbrk_r
 .text          0x0000000004585834       0x88 c:/altera/14.1/nios2eds/bin/gnu/h-x86_64-mingw32/bin/../lib/gcc/nios2-elf/4.8.3/../../../../../H-x86_64-mingw32/nios2-elf/lib\libc.a(lib_a-strcpy.o)
                0x0000000004585834                strcpy
 .text          0x00000000045858bc       0x8c c:/altera/14.1/nios2eds/bin/gnu/h-x86_64-mingw32/bin/../lib/gcc/nios2-elf/4.8.3/../../../../../H-x86_64-mingw32/nios2-elf/lib\libc.a(lib_a-strlen.o)
                0x00000000045858bc                strlen
 .text          0x0000000004585948     0x2000 c:/altera/14.1/nios2eds/bin/gnu/h-x86_64-mingw32/bin/../lib/gcc/nios2-elf/4.8.3/../../../../../H-x86_64-mingw32/nios2-elf/lib\libc.a(lib_a-vfprintf.o)
                0x0000000004585948                ___vfprintf_internal_r
                0x0000000004587924                __vfprintf_internal
 .text          0x0000000004587948      0x138 c:/altera/14.1/nios2eds/bin/gnu/h-x86_64-mingw32/bin/../lib/gcc/nios2-elf/4.8.3/../../../../../H-x86_64-mingw32/nios2-elf/lib\libc.a(lib_a-wsetup.o)
                0x0000000004587948                __swsetup_r
 .text          0x0000000004587a80     0x1840 c:/altera/14.1/nios2eds/bin/gnu/h-x86_64-mingw32/bin/../lib/gcc/nios2-elf/4.8.3/../../../../../H-x86_64-mingw32/nios2-elf/lib\libc.a(lib_a-dtoa.o)
                0x0000000004587c84                _dtoa_r
 .text          0x00000000045892c0      0x274 c:/altera/14.1/nios2eds/bin/gnu/h-x86_64-mingw32/bin/../lib/gcc/nios2-elf/4.8.3/../../../../../H-x86_64-mingw32/nios2-elf/lib\libc.a(lib_a-fflush.o)
                0x00000000045892c0                _fflush_r
                0x0000000004589504                fflush
 .text          0x0000000004589534      0x390 c:/altera/14.1/nios2eds/bin/gnu/h-x86_64-mingw32/bin/../lib/gcc/nios2-elf/4.8.3/../../../../../H-x86_64-mingw32/nios2-elf/lib\libc.a(lib_a-findfp.o)
                0x0000000004589544                _cleanup_r
                0x0000000004589550                __sfmoreglue
                0x00000000045895b4                _cleanup
                0x00000000045895cc                __sinit
                0x0000000004589768                __sfp
                0x0000000004589884                __sfp_lock_acquire
                0x0000000004589888                __sfp_lock_release
                0x000000000458988c                __sinit_lock_acquire
                0x0000000004589890                __sinit_lock_release
                0x0000000004589894                __fp_lock_all
                0x00000000045898ac                __fp_unlock_all
 .text          0x00000000045898c4      0x40c c:/altera/14.1/nios2eds/bin/gnu/h-x86_64-mingw32/bin/../lib/gcc/nios2-elf/4.8.3/../../../../../H-x86_64-mingw32/nios2-elf/lib\libc.a(lib_a-freer.o)
                0x00000000045898c4                _malloc_trim_r
                0x0000000004589a00                _free_r
 .text          0x0000000004589cd0      0x160 c:/altera/14.1/nios2eds/bin/gnu/h-x86_64-mingw32/bin/../lib/gcc/nios2-elf/4.8.3/../../../../../H-x86_64-mingw32/nios2-elf/lib\libc.a(lib_a-fwalk.o)
                0x0000000004589cd0                _fwalk
                0x0000000004589d78                _fwalk_reent
 .text          0x0000000004589e30        0x0 c:/altera/14.1/nios2eds/bin/gnu/h-x86_64-mingw32/bin/../lib/gcc/nios2-elf/4.8.3/../../../../../H-x86_64-mingw32/nios2-elf/lib\libc.a(lib_a-impure.o)
 .text          0x0000000004589e30        0x0 c:/altera/14.1/nios2eds/bin/gnu/h-x86_64-mingw32/bin/../lib/gcc/nios2-elf/4.8.3/../../../../../H-x86_64-mingw32/nios2-elf/lib\libc.a(lib_a-int_errno.o)
 .text          0x0000000004589e30       0xd4 c:/altera/14.1/nios2eds/bin/gnu/h-x86_64-mingw32/bin/../lib/gcc/nios2-elf/4.8.3/../../../../../H-x86_64-mingw32/nios2-elf/lib\libc.a(lib_a-locale.o)
                0x0000000004589e30                _setlocale_r
                0x0000000004589ea0                __locale_charset
                0x0000000004589eac                __locale_mb_cur_max
                0x0000000004589ebc                __locale_msgcharset
                0x0000000004589ec8                __locale_cjk_lang
                0x0000000004589ed0                _localeconv_r
                0x0000000004589edc                setlocale
                0x0000000004589ef8                localeconv
 .text          0x0000000004589f04      0x1b4 c:/altera/14.1/nios2eds/bin/gnu/h-x86_64-mingw32/bin/../lib/gcc/nios2-elf/4.8.3/../../../../../H-x86_64-mingw32/nios2-elf/lib\libc.a(lib_a-makebuf.o)
                0x0000000004589f04                __smakebuf_r
 .text          0x000000000458a0b8       0xe8 c:/altera/14.1/nios2eds/bin/gnu/h-x86_64-mingw32/bin/../lib/gcc/nios2-elf/4.8.3/../../../../../H-x86_64-mingw32/nios2-elf/lib\libc.a(lib_a-memchr.o)
                0x000000000458a0b8                memchr
 .text          0x000000000458a1a0      0xf78 c:/altera/14.1/nios2eds/bin/gnu/h-x86_64-mingw32/bin/../lib/gcc/nios2-elf/4.8.3/../../../../../H-x86_64-mingw32/nios2-elf/lib\libc.a(lib_a-mprec.o)
                0x000000000458a1a0                _Balloc
                0x000000000458a248                _Bfree
                0x000000000458a270                __multadd
                0x000000000458a384                __s2b
                0x000000000458a488                __hi0bits
                0x000000000458a4f0                __lo0bits
                0x000000000458a5a0                __i2b
                0x000000000458a5dc                __multiply
                0x000000000458a7c8                __pow5mult
                0x000000000458a910                __lshift
                0x000000000458aa60                __mcmp
                0x000000000458aac0                __mdiff
                0x000000000458ac70                __ulp
                0x000000000458acd0                __b2d
                0x000000000458adc0                __d2b
                0x000000000458af04                __ratio
                0x000000000458afa4                _mprec_log10
                0x000000000458b018                __copybits
                0x000000000458b090                __any_on
 .text          0x000000000458b118       0x68 c:/altera/14.1/nios2eds/bin/gnu/h-x86_64-mingw32/bin/../lib/gcc/nios2-elf/4.8.3/../../../../../H-x86_64-mingw32/nios2-elf/lib\libc.a(lib_a-s_fpclassify.o)
                0x000000000458b118                __fpclassifyd
 .text          0x000000000458b180      0x13c c:/altera/14.1/nios2eds/bin/gnu/h-x86_64-mingw32/bin/../lib/gcc/nios2-elf/4.8.3/../../../../../H-x86_64-mingw32/nios2-elf/lib\libc.a(lib_a-stdio.o)
                0x000000000458b180                __sread
                0x000000000458b1d4                __seofread
                0x000000000458b1dc                __swrite
                0x000000000458b258                __sseek
                0x000000000458b2b4                __sclose
 .text          0x000000000458b2bc       0xa4 c:/altera/14.1/nios2eds/bin/gnu/h-x86_64-mingw32/bin/../lib/gcc/nios2-elf/4.8.3/../../../../../H-x86_64-mingw32/nios2-elf/lib\libc.a(lib_a-strcmp.o)
                0x000000000458b2bc                strcmp
 .text          0x000000000458b360     0x13a8 c:/altera/14.1/nios2eds/bin/gnu/h-x86_64-mingw32/bin/../lib/gcc/nios2-elf/4.8.3/../../../../../H-x86_64-mingw32/nios2-elf/lib\libc.a(lib_a-vfiprintf.o)
                0x000000000458b45c                __sprint_r
                0x000000000458b474                ___vfiprintf_internal_r
                0x000000000458c6e4                __vfiprintf_internal
 .text          0x000000000458c708       0x6c c:/altera/14.1/nios2eds/bin/gnu/h-x86_64-mingw32/bin/../lib/gcc/nios2-elf/4.8.3/../../../../../H-x86_64-mingw32/nios2-elf/lib\libc.a(lib_a-writer.o)
                0x000000000458c708                _write_r
 .text          0x000000000458c774       0x64 c:/altera/14.1/nios2eds/bin/gnu/h-x86_64-mingw32/bin/../lib/gcc/nios2-elf/4.8.3/../../../../../H-x86_64-mingw32/nios2-elf/lib\libc.a(closer.o)
                0x000000000458c774                _close_r
 .text          0x000000000458c7d8       0xc4 c:/altera/14.1/nios2eds/bin/gnu/h-x86_64-mingw32/bin/../lib/gcc/nios2-elf/4.8.3/../../../../../H-x86_64-mingw32/nios2-elf/lib\libc.a(lib_a-callocr.o)
                0x000000000458c7d8                _calloc_r
 .text          0x000000000458c89c      0x13c c:/altera/14.1/nios2eds/bin/gnu/h-x86_64-mingw32/bin/../lib/gcc/nios2-elf/4.8.3/../../../../../H-x86_64-mingw32/nios2-elf/lib\libc.a(lib_a-fclose.o)
                0x000000000458c89c                _fclose_r
                0x000000000458c9c4                fclose
 .text          0x000000000458c9d8      0x1fc c:/altera/14.1/nios2eds/bin/gnu/h-x86_64-mingw32/bin/../lib/gcc/nios2-elf/4.8.3/../../../../../H-x86_64-mingw32/nios2-elf/lib\libc.a(lib_a-fputwc.o)
                0x000000000458c9d8                _fputwc_r
                0x000000000458cb5c                fputwc
 .text          0x000000000458cbd4       0x68 c:/altera/14.1/nios2eds/bin/gnu/h-x86_64-mingw32/bin/../lib/gcc/nios2-elf/4.8.3/../../../../../H-x86_64-mingw32/nios2-elf/lib\libc.a(lib_a-fstatr.o)
                0x000000000458cbd4                _fstat_r
 .text          0x000000000458cc3c      0x4ac c:/altera/14.1/nios2eds/bin/gnu/h-x86_64-mingw32/bin/../lib/gcc/nios2-elf/4.8.3/../../../../../H-x86_64-mingw32/nios2-elf/lib\libc.a(lib_a-fvwrite.o)
                0x000000000458cc3c                __sfvwrite_r
 .text          0x000000000458d0e8       0x64 c:/altera/14.1/nios2eds/bin/gnu/h-x86_64-mingw32/bin/../lib/gcc/nios2-elf/4.8.3/../../../../../H-x86_64-mingw32/nios2-elf/lib\libc.a(lib_a-isattyr.o)
                0x000000000458d0e8                _isatty_r
 .text          0x000000000458d14c       0x6c c:/altera/14.1/nios2eds/bin/gnu/h-x86_64-mingw32/bin/../lib/gcc/nios2-elf/4.8.3/../../../../../H-x86_64-mingw32/nios2-elf/lib\libc.a(lib_a-lseekr.o)
                0x000000000458d14c                _lseek_r
 .text          0x000000000458d1b8      0x13c c:/altera/14.1/nios2eds/bin/gnu/h-x86_64-mingw32/bin/../lib/gcc/nios2-elf/4.8.3/../../../../../H-x86_64-mingw32/nios2-elf/lib\libc.a(lib_a-memmove.o)
                0x000000000458d1b8                memmove
 .text          0x000000000458d2f4       0x6c c:/altera/14.1/nios2eds/bin/gnu/h-x86_64-mingw32/bin/../lib/gcc/nios2-elf/4.8.3/../../../../../H-x86_64-mingw32/nios2-elf/lib\libc.a(lib_a-readr.o)
                0x000000000458d2f4                _read_r
 .text          0x000000000458d360      0x564 c:/altera/14.1/nios2eds/bin/gnu/h-x86_64-mingw32/bin/../lib/gcc/nios2-elf/4.8.3/../../../../../H-x86_64-mingw32/nios2-elf/lib\libc.a(lib_a-reallocr.o)
                0x000000000458d360                _realloc_r
 .text          0x000000000458d8c4      0x19c c:/altera/14.1/nios2eds/bin/gnu/h-x86_64-mingw32/bin/../lib/gcc/nios2-elf/4.8.3/../../../../../H-x86_64-mingw32/nios2-elf/lib\libc.a(lib_a-wbuf.o)
                0x000000000458d8c4                __swbuf_r
                0x000000000458da44                __swbuf
 .text          0x000000000458da60      0x174 c:/altera/14.1/nios2eds/bin/gnu/h-x86_64-mingw32/bin/../lib/gcc/nios2-elf/4.8.3/../../../../../H-x86_64-mingw32/nios2-elf/lib\libc.a(lib_a-wcrtomb.o)
                0x000000000458da60                _wcrtomb_r
                0x000000000458dafc                wcrtomb
 .text          0x000000000458dbd4       0x8c c:/altera/14.1/nios2eds/bin/gnu/h-x86_64-mingw32/bin/../lib/gcc/nios2-elf/4.8.3/../../../../../H-x86_64-mingw32/nios2-elf/lib\libc.a(lib_a-wctomb_r.o)
                0x000000000458dbd4                __ascii_wctomb
                0x000000000458dc04                _wctomb_r
 .text          0x000000000458dc60      0x5c4 c:/altera/14.1/nios2eds/bin/gnu/h-x86_64-mingw32/bin/../lib/gcc/nios2-elf/4.8.3\libgcc.a(_udivdi3.o)
                0x000000000458dc60                __udivdi3
 .text          0x000000000458e224      0x598 c:/altera/14.1/nios2eds/bin/gnu/h-x86_64-mingw32/bin/../lib/gcc/nios2-elf/4.8.3\libgcc.a(_umoddi3.o)
                0x000000000458e224                __umoddi3
 .text          0x000000000458e7bc      0x87c c:/altera/14.1/nios2eds/bin/gnu/h-x86_64-mingw32/bin/../lib/gcc/nios2-elf/4.8.3\libgcc.a(adddf3.o)
                0x000000000458e7bc                __adddf3
 .text          0x000000000458f038      0x8d4 c:/altera/14.1/nios2eds/bin/gnu/h-x86_64-mingw32/bin/../lib/gcc/nios2-elf/4.8.3\libgcc.a(divdf3.o)
                0x000000000458f038                __divdf3
 .text          0x000000000458f90c       0x84 c:/altera/14.1/nios2eds/bin/gnu/h-x86_64-mingw32/bin/../lib/gcc/nios2-elf/4.8.3\libgcc.a(eqdf2.o)
                0x000000000458f90c                __nedf2
                0x000000000458f90c                __eqdf2
 .text          0x000000000458f990       0xd8 c:/altera/14.1/nios2eds/bin/gnu/h-x86_64-mingw32/bin/../lib/gcc/nios2-elf/4.8.3\libgcc.a(gedf2.o)
                0x000000000458f990                __gedf2
                0x000000000458f990                __gtdf2
 .text          0x000000000458fa68       0xec c:/altera/14.1/nios2eds/bin/gnu/h-x86_64-mingw32/bin/../lib/gcc/nios2-elf/4.8.3\libgcc.a(ledf2.o)
                0x000000000458fa68                __ledf2
                0x000000000458fa68                __ltdf2
 .text          0x000000000458fb54      0x6ec c:/altera/14.1/nios2eds/bin/gnu/h-x86_64-mingw32/bin/../lib/gcc/nios2-elf/4.8.3\libgcc.a(muldf3.o)
                0x000000000458fb54                __muldf3
 .text          0x0000000004590240      0x888 c:/altera/14.1/nios2eds/bin/gnu/h-x86_64-mingw32/bin/../lib/gcc/nios2-elf/4.8.3\libgcc.a(subdf3.o)
                0x0000000004590240                __subdf3
 .text          0x0000000004590ac8       0x80 c:/altera/14.1/nios2eds/bin/gnu/h-x86_64-mingw32/bin/../lib/gcc/nios2-elf/4.8.3\libgcc.a(fixdfsi.o)
                0x0000000004590ac8                __fixdfsi
 .text          0x0000000004590b48       0xd0 c:/altera/14.1/nios2eds/bin/gnu/h-x86_64-mingw32/bin/../lib/gcc/nios2-elf/4.8.3\libgcc.a(floatsidf.o)
                0x0000000004590b48                __floatsidf
 .text          0x0000000004590c18       0xa0 c:/altera/14.1/nios2eds/bin/gnu/h-x86_64-mingw32/bin/../lib/gcc/nios2-elf/4.8.3\libgcc.a(floatunsidf.o)
                0x0000000004590c18                __floatunsidf
 .text          0x0000000004590cb8        0x0 c:/altera/14.1/nios2eds/bin/gnu/h-x86_64-mingw32/bin/../lib/gcc/nios2-elf/4.8.3\libgcc.a(_clz.o)
 .text          0x0000000004590cb8       0xac c:/altera/14.1/nios2eds/bin/gnu/h-x86_64-mingw32/bin/../lib/gcc/nios2-elf/4.8.3\libgcc.a(_clzsi2.o)
                0x0000000004590cb8                __clzsi2
 .text          0x0000000004590d64       0xcc ../lab5_bsp/\libucosii_bsp.a(alt_close.o)
                0x0000000004590d64                close
 .text          0x0000000004590e30       0x18 ../lab5_bsp/\libucosii_bsp.a(alt_dcache_flush_all.o)
                0x0000000004590e30                alt_dcache_flush_all
 .text          0x0000000004590e48        0x8 ../lab5_bsp/\libucosii_bsp.a(alt_dev.o)
 .text          0x0000000004590e50        0x0 ../lab5_bsp/\libucosii_bsp.a(alt_errno.o)
 .text          0x0000000004590e50       0x78 ../lab5_bsp/\libucosii_bsp.a(alt_fstat.o)
                0x0000000004590e50                fstat
 .text          0x0000000004590ec8       0xb8 ../lab5_bsp/\libucosii_bsp.a(alt_iic.o)
                0x0000000004590ec8                alt_ic_isr_register
                0x0000000004590ee8                alt_ic_irq_enable
                0x0000000004590f28                alt_ic_irq_disable
                0x0000000004590f68                alt_ic_irq_enabled
 .text          0x0000000004590f80       0x6c ../lab5_bsp/\libucosii_bsp.a(alt_iic_isr_register.o)
                0x0000000004590f80                alt_iic_isr_register
 .text          0x0000000004590fec        0x0 ../lab5_bsp/\libucosii_bsp.a(alt_irq_entry.o)
 .text          0x0000000004590fec        0x0 ../lab5_bsp/\libucosii_bsp.a(alt_irq_handler.o)
 .text          0x0000000004590fec        0x0 ../lab5_bsp/\libucosii_bsp.a(alt_irq_vars.o)
 .text          0x0000000004590fec       0x7c ../lab5_bsp/\libucosii_bsp.a(alt_isatty.o)
                0x0000000004590fec                isatty
 .text          0x0000000004591068      0x154 ../lab5_bsp/\libucosii_bsp.a(alt_load.o)
                0x0000000004591068                alt_load
 .text          0x00000000045911bc       0x8c ../lab5_bsp/\libucosii_bsp.a(alt_lseek.o)
                0x00000000045911bc                lseek
 .text          0x0000000004591248       0xa8 ../lab5_bsp/\libucosii_bsp.a(alt_main.o)
                0x0000000004591248                alt_main
 .text          0x00000000045912f0       0xe4 ../lab5_bsp/\libucosii_bsp.a(alt_read.o)
                0x00000000045912f0                read
 .text          0x00000000045913d4       0x24 ../lab5_bsp/\libucosii_bsp.a(alt_release_fd.o)
                0x00000000045913d4                alt_release_fd
 .text          0x00000000045913f8       0x4c ../lab5_bsp/\libucosii_bsp.a(alt_sbrk.o)
                0x00000000045913f8                sbrk
 .text          0x0000000004591444       0xfc ../lab5_bsp/\libucosii_bsp.a(alt_tick.o)
                0x0000000004591444                alt_alarm_stop
                0x000000000459147c                alt_tick
 .text          0x0000000004591540       0xe0 ../lab5_bsp/\libucosii_bsp.a(alt_write.o)
                0x0000000004591540                write
 .text          0x0000000004591620       0xb8 ../lab5_bsp/\libucosii_bsp.a(alt_env_lock.o)
                0x0000000004591620                __env_lock
                0x00000000045916a0                __env_unlock
 .text          0x00000000045916d8      0x120 ../lab5_bsp/\libucosii_bsp.a(alt_malloc_lock.o)
                0x00000000045916d8                __malloc_lock
                0x0000000004591784                __malloc_unlock
 .text          0x00000000045917f8     0x11e4 ../lab5_bsp/\libucosii_bsp.a(os_core.o)
                0x0000000004591834                OS_TaskIdle
                0x0000000004591868                OSIntEnter
                0x00000000045918a4                OSIntExit
                0x0000000004591950                OSSchedLock
                0x0000000004591994                OSStart
                0x00000000045919e4                OSStatInit
                0x0000000004591a44                OSTimeTick
                0x0000000004591b64                OSVersion
                0x0000000004591b6c                OS_Dummy
                0x0000000004591b70                OS_EventTaskWait
                0x0000000004591be0                OS_EventTaskWaitMulti
                0x0000000004591c68                OS_EventTaskRemove
                0x0000000004591ca4                OS_EventTaskRemoveMulti
                0x0000000004591cf8                OS_EventTaskRdy
                0x0000000004591de8                OS_EventWaitListInit
                0x0000000004591dfc                OS_MemClr
                0x0000000004591e28                OSInit
                0x0000000004592048                OS_MemCopy
                0x000000000459207c                OS_Sched
                0x0000000004592108                OSEventPendMulti
                0x00000000045924ac                OSSchedUnlock
                0x0000000004592524                OS_StrCopy
                0x000000000459256c                OSEventNameGet
                0x0000000004592628                OS_StrLen
                0x0000000004592650                OSEventNameSet
                0x000000000459272c                OS_TaskStatStkChk
                0x00000000045927c0                OS_TaskStat
                0x0000000004592858                OS_TCBInit
 .text          0x00000000045929dc        0x4 ../lab5_bsp/\libucosii_bsp.a(os_dbg.o)
                0x00000000045929dc                OSDebugInit
 .text          0x00000000045929e0      0xde0 ../lab5_bsp/\libucosii_bsp.a(os_flag.o)
                0x0000000004592a8c                OSFlagAccept
                0x0000000004592c20                OSFlagCreate
                0x0000000004592cb8                OSFlagNameGet
                0x0000000004592d7c                OSFlagNameSet
                0x0000000004592e60                OSFlagPendGetFlagsRdy
                0x0000000004592e88                OSFlagQuery
                0x0000000004592ee4                OS_FlagInit
                0x0000000004592f78                OS_FlagUnlink
                0x0000000004593040                OSFlagDel
                0x00000000045931b8                OSFlagPost
                0x0000000004593418                OSFlagPend
 .text          0x00000000045937c0      0x448 ../lab5_bsp/\libucosii_bsp.a(os_mem.o)
                0x00000000045937c0                OSMemCreate
                0x00000000045938d8                OSMemGet
                0x0000000004593944                OSMemNameGet
                0x00000000045939e8                OSMemNameSet
                0x0000000004593ab0                OSMemPut
                0x0000000004593b14                OSMemQuery
                0x0000000004593b80                OS_MemInit
 .text          0x0000000004593c08      0xa78 ../lab5_bsp/\libucosii_bsp.a(os_q.o)
                0x0000000004593c08                OSQAccept
                0x0000000004593ca8                OSQCreate
                0x0000000004593db8                OSQDel
                0x0000000004593f6c                OSQFlush
                0x0000000004593fbc                OSQPend
                0x0000000004594174                OSQPendAbort
                0x0000000004594288                OSQPost
                0x0000000004594350                OSQPostFront
                0x0000000004594418                OSQPostOpt
                0x0000000004594580                OSQQuery
                0x0000000004594620                OS_QInit
 .text          0x0000000004594680      0x66c ../lab5_bsp/\libucosii_bsp.a(os_sem.o)
                0x0000000004594680                OSSemAccept
                0x00000000045946cc                OSSemCreate
                0x0000000004594760                OSSemDel
                0x00000000045948e4                OSSemPend
                0x0000000004594a4c                OSSemPendAbort
                0x0000000004594b60                OSSemPost
                0x0000000004594c04                OSSemQuery
                0x0000000004594c7c                OSSemSet
 .text          0x0000000004594cec      0xfac ../lab5_bsp/\libucosii_bsp.a(os_task.o)
                0x0000000004594cec                OSTaskChangePrio
                0x0000000004594fa4                OSTaskCreate
                0x00000000045950c8                OSTaskDel
                0x0000000004595364                OSTaskDelReq
                0x0000000004595434                OSTaskNameGet
                0x0000000004595550                OSTaskNameSet
                0x0000000004595688                OSTaskResume
                0x00000000045957b4                OSTaskStkChk
                0x00000000045958bc                OSTaskSuspend
                0x0000000004595a20                OSTaskQuery
                0x0000000004595aec                OS_TaskStkClr
                0x0000000004595b10                OSTaskCreateExt
 .text          0x0000000004595c98      0x320 ../lab5_bsp/\libucosii_bsp.a(os_time.o)
                0x0000000004595c98                OSTimeDly
                0x0000000004595d34                OSTimeDlyHMSM
                0x0000000004595e58                OSTimeDlyResume
                0x0000000004595f70                OSTimeGet
                0x0000000004595f94                OSTimeSet
 .text          0x0000000004595fb8       0x7c ../lab5_bsp/\libucosii_bsp.a(alt_sys_init.o)
                0x0000000004595fb8                alt_irq_init
                0x0000000004595fd8                alt_sys_init
 .text          0x0000000004596034       0x98 ../lab5_bsp/\libucosii_bsp.a(altera_avalon_jtag_uart_fd.o)
                0x0000000004596034                altera_avalon_jtag_uart_read_fd
                0x000000000459605c                altera_avalon_jtag_uart_write_fd
                0x0000000004596084                altera_avalon_jtag_uart_close_fd
                0x00000000045960ac                altera_avalon_jtag_uart_ioctl_fd
 .text          0x00000000045960cc      0x344 ../lab5_bsp/\libucosii_bsp.a(altera_avalon_jtag_uart_init.o)
                0x000000000459630c                altera_avalon_jtag_uart_init
                0x00000000045963d4                altera_avalon_jtag_uart_close
 .text          0x0000000004596410       0x88 ../lab5_bsp/\libucosii_bsp.a(altera_avalon_jtag_uart_ioctl.o)
                0x0000000004596410                altera_avalon_jtag_uart_ioctl
 .text          0x0000000004596498      0x1bc ../lab5_bsp/\libucosii_bsp.a(altera_avalon_jtag_uart_read.o)
                0x0000000004596498                altera_avalon_jtag_uart_read
 .text          0x0000000004596654      0x1e4 ../lab5_bsp/\libucosii_bsp.a(altera_avalon_jtag_uart_write.o)
                0x0000000004596654                altera_avalon_jtag_uart_write
 .text          0x0000000004596838       0x94 ../lab5_bsp/\libucosii_bsp.a(altera_avalon_timer_sc.o)
                0x0000000004596874                alt_avalon_timer_sc_init
 .text          0x00000000045968cc       0x94 ../lab5_bsp/\libucosii_bsp.a(alt_alarm_start.o)
                0x00000000045968cc                alt_alarm_start
 .text          0x0000000004596960       0x80 ../lab5_bsp/\libucosii_bsp.a(alt_dev_llist_insert.o)
                0x0000000004596960                alt_dev_llist_insert
 .text          0x00000000045969e0       0x68 ../lab5_bsp/\libucosii_bsp.a(alt_do_ctors.o)
                0x00000000045969e0                _do_ctors
 .text          0x0000000004596a48       0x68 ../lab5_bsp/\libucosii_bsp.a(alt_do_dtors.o)
                0x0000000004596a48                _do_dtors
 .text          0x0000000004596ab0        0x0 ../lab5_bsp/\libucosii_bsp.a(alt_exception_entry.o)
 .text          0x0000000004596ab0       0x20 ../lab5_bsp/\libucosii_bsp.a(alt_icache_flush_all.o)
                0x0000000004596ab0                alt_icache_flush_all
 .text          0x0000000004596ad0       0xfc ../lab5_bsp/\libucosii_bsp.a(alt_io_redirect.o)
                0x0000000004596b34                alt_io_redirect
 .text          0x0000000004596bcc      0x180 ../lab5_bsp/\libucosii_bsp.a(alt_open.o)
                0x0000000004596bcc                open
 .text          0x0000000004596d4c        0x8 ../lab5_bsp/\libucosii_bsp.a(altera_nios2_qsys_irq.o)
                0x0000000004596d4c                altera_nios2_qsys_irq_init
 .text          0x0000000004596d54       0xd0 ../lab5_bsp/\libucosii_bsp.a(os_cpu_a.o)
                0x0000000004596d54                OSCtxSw
                0x0000000004596d54                OSIntCtxSw
                0x0000000004596de0                OSStartHighRdy
                0x0000000004596e00                OSStartTsk
 .text          0x0000000004596e24      0x1ec ../lab5_bsp/\libucosii_bsp.a(os_cpu_c.o)
                0x0000000004596e24                OSTaskStkInit
                0x0000000004596fec                OSTaskCreateHook
                0x0000000004596ff0                OSTaskDelHook
                0x0000000004596ff4                OSTaskSwHook
                0x0000000004596ff8                OSTaskStatHook
                0x0000000004596ffc                OSTimeTickHook
                0x0000000004597000                OSInitHookBegin
                0x0000000004597004                OSInitHookEnd
                0x0000000004597008                OSTaskIdleHook
                0x000000000459700c                OSTCBInitHook
 .text          0x0000000004597010       0x80 ../lab5_bsp/\libucosii_bsp.a(alt_find_dev.o)
                0x0000000004597010                alt_find_dev
 .text          0x0000000004597090       0xc8 ../lab5_bsp/\libucosii_bsp.a(alt_find_file.o)
                0x0000000004597090                alt_find_file
 .text          0x0000000004597158       0xcc ../lab5_bsp/\libucosii_bsp.a(alt_get_fd.o)
                0x0000000004597158                alt_get_fd
 .text          0x0000000004597224       0x58 ../lab5_bsp/\libucosii_bsp.a(alt_icache_flush.o)
                0x0000000004597224                alt_icache_flush
 .text          0x000000000459727c       0x14 c:/altera/14.1/nios2eds/bin/gnu/h-x86_64-mingw32/bin/../lib/gcc/nios2-elf/4.8.3/../../../../../H-x86_64-mingw32/nios2-elf/lib\libc.a(lib_a-atexit.o)
                0x000000000459727c                atexit
 .text          0x0000000004597290       0x38 c:/altera/14.1/nios2eds/bin/gnu/h-x86_64-mingw32/bin/../lib/gcc/nios2-elf/4.8.3/../../../../../H-x86_64-mingw32/nios2-elf/lib\libc.a(lib_a-exit.o)
                0x0000000004597290                exit
 .text          0x00000000045972c8       0x7c c:/altera/14.1/nios2eds/bin/gnu/h-x86_64-mingw32/bin/../lib/gcc/nios2-elf/4.8.3/../../../../../H-x86_64-mingw32/nios2-elf/lib\libc.a(lib_a-memcmp.o)
                0x00000000045972c8                memcmp
 .text          0x0000000004597344      0x11c c:/altera/14.1/nios2eds/bin/gnu/h-x86_64-mingw32/bin/../lib/gcc/nios2-elf/4.8.3/../../../../../H-x86_64-mingw32/nios2-elf/lib\libc.a(lib_a-__atexit.o)
                0x0000000004597344                __register_exitproc
 .text          0x0000000004597460      0x1a4 c:/altera/14.1/nios2eds/bin/gnu/h-x86_64-mingw32/bin/../lib/gcc/nios2-elf/4.8.3/../../../../../H-x86_64-mingw32/nios2-elf/lib\libc.a(lib_a-__call_atexit.o)
                0x0000000004597460                __call_exitprocs
 .text          0x0000000004597604       0x20 ../lab5_bsp/\libucosii_bsp.a(alt_exit.o)
                0x0000000004597604                _exit
 *(.gnu.warning.*)
 *(.fini)
                0x0000000004597624                PROVIDE (__etext, ABSOLUTE (.))
                0x0000000004597624                PROVIDE (_etext, ABSOLUTE (.))
                0x0000000004597624                PROVIDE (etext, ABSOLUTE (.))
 *(.eh_frame_hdr)
                0x0000000004597624                . = ALIGN (0x4)
                0x0000000004597624                PROVIDE (__preinit_array_start, ABSOLUTE (.))
 *(.preinit_array)
                0x0000000004597624                PROVIDE (__preinit_array_end, ABSOLUTE (.))
                0x0000000004597624                PROVIDE (__init_array_start, ABSOLUTE (.))
 *(.init_array)
                0x0000000004597624                PROVIDE (__init_array_end, ABSOLUTE (.))
                0x0000000004597624                PROVIDE (__fini_array_start, ABSOLUTE (.))
 *(.fini_array)
                0x0000000004597624                PROVIDE (__fini_array_end, ABSOLUTE (.))
 *(.eh_frame)
 *(.gcc_except_table .gcc_except_table.*)
 *(.dynamic)
                0x0000000004597624                PROVIDE (__CTOR_LIST__, ABSOLUTE (.))
 *(.ctors)
 *(SORT(.ctors.*))
                0x0000000004597624                PROVIDE (__CTOR_END__, ABSOLUTE (.))
                0x0000000004597624                PROVIDE (__DTOR_LIST__, ABSOLUTE (.))
 *(.dtors)
 *(SORT(.dtors.*))
                0x0000000004597624                PROVIDE (__DTOR_END__, ABSOLUTE (.))
 *(.jcr)
                0x0000000004597624                . = ALIGN (0x4)

.rodata         0x0000000004597624   0x1973b8
                0x0000000004597624                PROVIDE (__ram_rodata_start, ABSOLUTE (.))
                0x0000000004597624                . = ALIGN (0x4)
 *(.rodata .rodata.* .gnu.linkonce.r.*)
 .rodata        0x0000000004597624     0x77f2 obj/default/fonts/tahomabold_20.o
 .rodata        0x000000000459ee16    0x12520 obj/default/fonts/tahomabold_32.o
 *fill*         0x00000000045b1336        0x2 
 .rodata.str1.4
                0x00000000045b1338        0xe obj/default/graphic_lib/draw_gimps.o
                                         0x10 (size before relaxing)
 *fill*         0x00000000045b1346        0x2 
 .rodata.str1.4
                0x00000000045b1348       0x2f obj/default/hello_ucosii.o
                                         0x30 (size before relaxing)
 *fill*         0x00000000045b1377        0x1 
 .rodata        0x00000000045b1378     0x28cc obj/default/imagenes/back_down.o
                0x00000000045b1378                back_down
 .rodata        0x00000000045b3c44     0x28cc obj/default/imagenes/back_up.o
                0x00000000045b3c44                back_up
 .rodata        0x00000000045b6510     0x28cc obj/default/imagenes/ford_down.o
                0x00000000045b6510                ford_down
 .rodata        0x00000000045b8ddc     0x28cc obj/default/imagenes/ford_up.o
                0x00000000045b8ddc                ford_up
 .rodata        0x00000000045bb6a8     0x8dd0 obj/default/imagenes/pause_down.o
                0x00000000045bb6a8                pause_down
 .rodata        0x00000000045c4478     0x8dd0 obj/default/imagenes/pause_up.o
                0x00000000045c4478                pause_up
 .rodata        0x00000000045cd248     0x7820 obj/default/imagenes/play_down.o
                0x00000000045cd248                play_down
 .rodata        0x00000000045d4a68     0x7820 obj/default/imagenes/play_up.o
                0x00000000045d4a68                play_up
 .rodata        0x00000000045dc288     0x7f88 obj/default/imagenes/stop_down.o
                0x00000000045dc288                stop_down
 .rodata        0x00000000045e4210     0x7f88 obj/default/imagenes/stop_up.o
                0x00000000045e4210                stop_up
 .rodata        0x00000000045ec198   0x142440 obj/default/song/song.o
                0x00000000045ec198                song
 .rodata.str1.4
                0x000000000472e5d8       0x42 c:/altera/14.1/nios2eds/bin/gnu/h-x86_64-mingw32/bin/../lib/gcc/nios2-elf/4.8.3/../../../../../H-x86_64-mingw32/nios2-elf/lib\libc.a(lib_a-vfprintf.o)
                                         0x44 (size before relaxing)
 .rodata        0x000000000472e61a       0x20 c:/altera/14.1/nios2eds/bin/gnu/h-x86_64-mingw32/bin/../lib/gcc/nios2-elf/4.8.3/../../../../../H-x86_64-mingw32/nios2-elf/lib\libc.a(lib_a-vfprintf.o)
 *fill*         0x000000000472e63a        0x2 
 .rodata.str1.4
                0x000000000472e63c       0x10 c:/altera/14.1/nios2eds/bin/gnu/h-x86_64-mingw32/bin/../lib/gcc/nios2-elf/4.8.3/../../../../../H-x86_64-mingw32/nios2-elf/lib\libc.a(lib_a-dtoa.o)
                                         0x14 (size before relaxing)
 .rodata.str1.4
                0x000000000472e64c        0x2 c:/altera/14.1/nios2eds/bin/gnu/h-x86_64-mingw32/bin/../lib/gcc/nios2-elf/4.8.3/../../../../../H-x86_64-mingw32/nios2-elf/lib\libc.a(lib_a-impure.o)
                                          0x4 (size before relaxing)
 *fill*         0x000000000472e64e        0x2 
 .rodata.str1.4
                0x000000000472e650        0xa c:/altera/14.1/nios2eds/bin/gnu/h-x86_64-mingw32/bin/../lib/gcc/nios2-elf/4.8.3/../../../../../H-x86_64-mingw32/nios2-elf/lib\libc.a(lib_a-locale.o)
                                         0x14 (size before relaxing)
 *fill*         0x000000000472e65a        0x2 
 .rodata        0x000000000472e65c      0x124 c:/altera/14.1/nios2eds/bin/gnu/h-x86_64-mingw32/bin/../lib/gcc/nios2-elf/4.8.3/../../../../../H-x86_64-mingw32/nios2-elf/lib\libc.a(lib_a-mprec.o)
                0x000000000472e668                __mprec_tinytens
                0x000000000472e690                __mprec_bigtens
                0x000000000472e6b8                __mprec_tens
 .rodata.str1.4
                0x0000000000000000       0x30 c:/altera/14.1/nios2eds/bin/gnu/h-x86_64-mingw32/bin/../lib/gcc/nios2-elf/4.8.3/../../../../../H-x86_64-mingw32/nios2-elf/lib\libc.a(lib_a-vfiprintf.o)
 .rodata        0x000000000472e780       0x20 c:/altera/14.1/nios2eds/bin/gnu/h-x86_64-mingw32/bin/../lib/gcc/nios2-elf/4.8.3/../../../../../H-x86_64-mingw32/nios2-elf/lib\libc.a(lib_a-vfiprintf.o)
 .rodata        0x000000000472e7a0      0x100 c:/altera/14.1/nios2eds/bin/gnu/h-x86_64-mingw32/bin/../lib/gcc/nios2-elf/4.8.3\libgcc.a(_clz.o)
                0x000000000472e7a0                __clz_tab
 .rodata.str1.4
                0x000000000472e8a0        0xa ../lab5_bsp/\libucosii_bsp.a(alt_dev.o)
                                          0xc (size before relaxing)
 *fill*         0x000000000472e8aa        0x2 
 .rodata.str1.4
                0x000000000472e8ac        0xf ../lab5_bsp/\libucosii_bsp.a(alt_main.o)
                                         0x10 (size before relaxing)
 *fill*         0x000000000472e8bb        0x1 
 .rodata.str1.4
                0x000000000472e8bc       0x20 ../lab5_bsp/\libucosii_bsp.a(os_core.o)
 .rodata        0x000000000472e8dc      0x100 ../lab5_bsp/\libucosii_bsp.a(os_core.o)
                0x000000000472e8dc                OSUnMapTbl
 .rodata.str1.4
                0x0000000000000000       0x10 ../lab5_bsp/\libucosii_bsp.a(alt_sys_init.o)
 .rodata.str1.4
                0x0000000000000000        0x4 ../lab5_bsp/\libucosii_bsp.a(os_cpu_c.o)
 *(.rodata1)
                0x000000000472e9dc                . = ALIGN (0x4)
                0x000000000472e9dc                PROVIDE (__ram_rodata_end, ABSOLUTE (.))
                0x0000000004597624                PROVIDE (__flash_rodata_start, LOADADDR (.rodata))

.rwdata         0x000000000472e9dc     0x3718 load address 0x00000000047320f4
                0x000000000472e9dc                PROVIDE (__ram_rwdata_start, ABSOLUTE (.))
                0x000000000472e9dc                . = ALIGN (0x4)
 *(.got.plt)
 *(.got)
 *(.data1)
 *(.data .data.* .gnu.linkonce.d.*)
 .data          0x000000000472e9dc        0x0 ../lab5_bsp//obj/HAL/src/crt0.o
 .data          0x000000000472e9dc        0x0 obj/default/drivers/drivers.o
 .data          0x000000000472e9dc      0xbc0 obj/default/fonts/tahomabold_20.o
                0x000000000472e9dc                tahomabold_20
 .data          0x000000000472f59c      0xbc0 obj/default/fonts/tahomabold_32.o
                0x000000000472f59c                tahomabold_32
 .data          0x000000000473015c        0x0 obj/default/frame.o
 .data          0x000000000473015c        0x0 obj/default/graphic_lib/draw_gimps.o
 .data          0x000000000473015c        0x0 obj/default/graphic_lib/gimp_bmp.o
 .data          0x000000000473015c      0x415 obj/default/graphic_lib/simple_graphics.o
                0x000000000473015c                cour10_font_array
 .data          0x0000000004730571        0x0 obj/default/graphic_lib/simple_text.o
 .data          0x0000000004730571        0x0 obj/default/hello_ucosii.o
 .data          0x0000000004730571        0x0 obj/default/imagenes/back_down.o
 .data          0x0000000004730571        0x0 obj/default/imagenes/back_up.o
 .data          0x0000000004730571        0x0 obj/default/imagenes/ford_down.o
 .data          0x0000000004730571        0x0 obj/default/imagenes/ford_up.o
 .data          0x0000000004730571        0x0 obj/default/imagenes/pause_down.o
 .data          0x0000000004730571        0x0 obj/default/imagenes/pause_up.o
 .data          0x0000000004730571        0x0 obj/default/imagenes/play_down.o
 .data          0x0000000004730571        0x0 obj/default/imagenes/play_up.o
 .data          0x0000000004730571        0x0 obj/default/imagenes/stop_down.o
 .data          0x0000000004730571        0x0 obj/default/imagenes/stop_up.o
 .data          0x0000000004730571        0x0 obj/default/song/song.o
 .data          0x0000000004730571        0x0 obj/default/student_code/student_code.o
 .data          0x0000000004730571        0x0 obj/default/vip_fr.o
 .data          0x0000000004730571        0x0 c:/altera/14.1/nios2eds/bin/gnu/h-x86_64-mingw32/bin/../lib/gcc/nios2-elf/4.8.3\libgcc.a(lib2-divmod.o)
 .data          0x0000000004730571        0x0 c:/altera/14.1/nios2eds/bin/gnu/h-x86_64-mingw32/bin/../lib/gcc/nios2-elf/4.8.3\libgcc.a(fixsfsi.o)
 .data          0x0000000004730571        0x0 c:/altera/14.1/nios2eds/bin/gnu/h-x86_64-mingw32/bin/../lib/gcc/nios2-elf/4.8.3/../../../../../H-x86_64-mingw32/nios2-elf/lib\libc.a(lib_a-malloc.o)
 *fill*         0x0000000004730571        0x3 
 .data          0x0000000004730574      0x408 c:/altera/14.1/nios2eds/bin/gnu/h-x86_64-mingw32/bin/../lib/gcc/nios2-elf/4.8.3/../../../../../H-x86_64-mingw32/nios2-elf/lib\libc.a(lib_a-mallocr.o)
                0x0000000004730574                __malloc_av_
 .data          0x000000000473097c        0x0 c:/altera/14.1/nios2eds/bin/gnu/h-x86_64-mingw32/bin/../lib/gcc/nios2-elf/4.8.3/../../../../../H-x86_64-mingw32/nios2-elf/lib\libc.a(lib_a-memcpy.o)
 .data          0x000000000473097c        0x0 c:/altera/14.1/nios2eds/bin/gnu/h-x86_64-mingw32/bin/../lib/gcc/nios2-elf/4.8.3/../../../../../H-x86_64-mingw32/nios2-elf/lib\libc.a(lib_a-memset.o)
 .data          0x000000000473097c        0x0 c:/altera/14.1/nios2eds/bin/gnu/h-x86_64-mingw32/bin/../lib/gcc/nios2-elf/4.8.3/../../../../../H-x86_64-mingw32/nios2-elf/lib\libc.a(lib_a-printf.o)
 .data          0x000000000473097c        0x0 c:/altera/14.1/nios2eds/bin/gnu/h-x86_64-mingw32/bin/../lib/gcc/nios2-elf/4.8.3/../../../../../H-x86_64-mingw32/nios2-elf/lib\libc.a(lib_a-sbrkr.o)
 .data          0x000000000473097c        0x0 c:/altera/14.1/nios2eds/bin/gnu/h-x86_64-mingw32/bin/../lib/gcc/nios2-elf/4.8.3/../../../../../H-x86_64-mingw32/nios2-elf/lib\libc.a(lib_a-strcpy.o)
 .data          0x000000000473097c        0x0 c:/altera/14.1/nios2eds/bin/gnu/h-x86_64-mingw32/bin/../lib/gcc/nios2-elf/4.8.3/../../../../../H-x86_64-mingw32/nios2-elf/lib\libc.a(lib_a-strlen.o)
 .data          0x000000000473097c        0x0 c:/altera/14.1/nios2eds/bin/gnu/h-x86_64-mingw32/bin/../lib/gcc/nios2-elf/4.8.3/../../../../../H-x86_64-mingw32/nios2-elf/lib\libc.a(lib_a-vfprintf.o)
 .data          0x000000000473097c        0x0 c:/altera/14.1/nios2eds/bin/gnu/h-x86_64-mingw32/bin/../lib/gcc/nios2-elf/4.8.3/../../../../../H-x86_64-mingw32/nios2-elf/lib\libc.a(lib_a-wsetup.o)
 .data          0x000000000473097c        0x0 c:/altera/14.1/nios2eds/bin/gnu/h-x86_64-mingw32/bin/../lib/gcc/nios2-elf/4.8.3/../../../../../H-x86_64-mingw32/nios2-elf/lib\libc.a(lib_a-dtoa.o)
 .data          0x000000000473097c        0x0 c:/altera/14.1/nios2eds/bin/gnu/h-x86_64-mingw32/bin/../lib/gcc/nios2-elf/4.8.3/../../../../../H-x86_64-mingw32/nios2-elf/lib\libc.a(lib_a-fflush.o)
 .data          0x000000000473097c        0x0 c:/altera/14.1/nios2eds/bin/gnu/h-x86_64-mingw32/bin/../lib/gcc/nios2-elf/4.8.3/../../../../../H-x86_64-mingw32/nios2-elf/lib\libc.a(lib_a-findfp.o)
 .data          0x000000000473097c        0x0 c:/altera/14.1/nios2eds/bin/gnu/h-x86_64-mingw32/bin/../lib/gcc/nios2-elf/4.8.3/../../../../../H-x86_64-mingw32/nios2-elf/lib\libc.a(lib_a-freer.o)
 .data          0x000000000473097c        0x0 c:/altera/14.1/nios2eds/bin/gnu/h-x86_64-mingw32/bin/../lib/gcc/nios2-elf/4.8.3/../../../../../H-x86_64-mingw32/nios2-elf/lib\libc.a(lib_a-fwalk.o)
 .data          0x000000000473097c      0x424 c:/altera/14.1/nios2eds/bin/gnu/h-x86_64-mingw32/bin/../lib/gcc/nios2-elf/4.8.3/../../../../../H-x86_64-mingw32/nios2-elf/lib\libc.a(lib_a-impure.o)
 .data          0x0000000004730da0        0x0 c:/altera/14.1/nios2eds/bin/gnu/h-x86_64-mingw32/bin/../lib/gcc/nios2-elf/4.8.3/../../../../../H-x86_64-mingw32/nios2-elf/lib\libc.a(lib_a-int_errno.o)
 .data          0x0000000004730da0       0x78 c:/altera/14.1/nios2eds/bin/gnu/h-x86_64-mingw32/bin/../lib/gcc/nios2-elf/4.8.3/../../../../../H-x86_64-mingw32/nios2-elf/lib\libc.a(lib_a-locale.o)
 .data          0x0000000004730e18        0x0 c:/altera/14.1/nios2eds/bin/gnu/h-x86_64-mingw32/bin/../lib/gcc/nios2-elf/4.8.3/../../../../../H-x86_64-mingw32/nios2-elf/lib\libc.a(lib_a-makebuf.o)
 .data          0x0000000004730e18        0x0 c:/altera/14.1/nios2eds/bin/gnu/h-x86_64-mingw32/bin/../lib/gcc/nios2-elf/4.8.3/../../../../../H-x86_64-mingw32/nios2-elf/lib\libc.a(lib_a-memchr.o)
 .data          0x0000000004730e18        0x0 c:/altera/14.1/nios2eds/bin/gnu/h-x86_64-mingw32/bin/../lib/gcc/nios2-elf/4.8.3/../../../../../H-x86_64-mingw32/nios2-elf/lib\libc.a(lib_a-mprec.o)
 .data          0x0000000004730e18        0x0 c:/altera/14.1/nios2eds/bin/gnu/h-x86_64-mingw32/bin/../lib/gcc/nios2-elf/4.8.3/../../../../../H-x86_64-mingw32/nios2-elf/lib\libc.a(lib_a-s_fpclassify.o)
 .data          0x0000000004730e18        0x0 c:/altera/14.1/nios2eds/bin/gnu/h-x86_64-mingw32/bin/../lib/gcc/nios2-elf/4.8.3/../../../../../H-x86_64-mingw32/nios2-elf/lib\libc.a(lib_a-stdio.o)
 .data          0x0000000004730e18        0x0 c:/altera/14.1/nios2eds/bin/gnu/h-x86_64-mingw32/bin/../lib/gcc/nios2-elf/4.8.3/../../../../../H-x86_64-mingw32/nios2-elf/lib\libc.a(lib_a-strcmp.o)
 .data          0x0000000004730e18        0x0 c:/altera/14.1/nios2eds/bin/gnu/h-x86_64-mingw32/bin/../lib/gcc/nios2-elf/4.8.3/../../../../../H-x86_64-mingw32/nios2-elf/lib\libc.a(lib_a-vfiprintf.o)
 .data          0x0000000004730e18        0x0 c:/altera/14.1/nios2eds/bin/gnu/h-x86_64-mingw32/bin/../lib/gcc/nios2-elf/4.8.3/../../../../../H-x86_64-mingw32/nios2-elf/lib\libc.a(lib_a-writer.o)
 .data          0x0000000004730e18        0x0 c:/altera/14.1/nios2eds/bin/gnu/h-x86_64-mingw32/bin/../lib/gcc/nios2-elf/4.8.3/../../../../../H-x86_64-mingw32/nios2-elf/lib\libc.a(closer.o)
 .data          0x0000000004730e18        0x0 c:/altera/14.1/nios2eds/bin/gnu/h-x86_64-mingw32/bin/../lib/gcc/nios2-elf/4.8.3/../../../../../H-x86_64-mingw32/nios2-elf/lib\libc.a(lib_a-callocr.o)
 .data          0x0000000004730e18        0x0 c:/altera/14.1/nios2eds/bin/gnu/h-x86_64-mingw32/bin/../lib/gcc/nios2-elf/4.8.3/../../../../../H-x86_64-mingw32/nios2-elf/lib\libc.a(lib_a-fclose.o)
 .data          0x0000000004730e18        0x0 c:/altera/14.1/nios2eds/bin/gnu/h-x86_64-mingw32/bin/../lib/gcc/nios2-elf/4.8.3/../../../../../H-x86_64-mingw32/nios2-elf/lib\libc.a(lib_a-fputwc.o)
 .data          0x0000000004730e18        0x0 c:/altera/14.1/nios2eds/bin/gnu/h-x86_64-mingw32/bin/../lib/gcc/nios2-elf/4.8.3/../../../../../H-x86_64-mingw32/nios2-elf/lib\libc.a(lib_a-fstatr.o)
 .data          0x0000000004730e18        0x0 c:/altera/14.1/nios2eds/bin/gnu/h-x86_64-mingw32/bin/../lib/gcc/nios2-elf/4.8.3/../../../../../H-x86_64-mingw32/nios2-elf/lib\libc.a(lib_a-fvwrite.o)
 .data          0x0000000004730e18        0x0 c:/altera/14.1/nios2eds/bin/gnu/h-x86_64-mingw32/bin/../lib/gcc/nios2-elf/4.8.3/../../../../../H-x86_64-mingw32/nios2-elf/lib\libc.a(lib_a-isattyr.o)
 .data          0x0000000004730e18        0x0 c:/altera/14.1/nios2eds/bin/gnu/h-x86_64-mingw32/bin/../lib/gcc/nios2-elf/4.8.3/../../../../../H-x86_64-mingw32/nios2-elf/lib\libc.a(lib_a-lseekr.o)
 .data          0x0000000004730e18        0x0 c:/altera/14.1/nios2eds/bin/gnu/h-x86_64-mingw32/bin/../lib/gcc/nios2-elf/4.8.3/../../../../../H-x86_64-mingw32/nios2-elf/lib\libc.a(lib_a-memmove.o)
 .data          0x0000000004730e18        0x0 c:/altera/14.1/nios2eds/bin/gnu/h-x86_64-mingw32/bin/../lib/gcc/nios2-elf/4.8.3/../../../../../H-x86_64-mingw32/nios2-elf/lib\libc.a(lib_a-readr.o)
 .data          0x0000000004730e18        0x0 c:/altera/14.1/nios2eds/bin/gnu/h-x86_64-mingw32/bin/../lib/gcc/nios2-elf/4.8.3/../../../../../H-x86_64-mingw32/nios2-elf/lib\libc.a(lib_a-reallocr.o)
 .data          0x0000000004730e18        0x0 c:/altera/14.1/nios2eds/bin/gnu/h-x86_64-mingw32/bin/../lib/gcc/nios2-elf/4.8.3/../../../../../H-x86_64-mingw32/nios2-elf/lib\libc.a(lib_a-wbuf.o)
 .data          0x0000000004730e18        0x0 c:/altera/14.1/nios2eds/bin/gnu/h-x86_64-mingw32/bin/../lib/gcc/nios2-elf/4.8.3/../../../../../H-x86_64-mingw32/nios2-elf/lib\libc.a(lib_a-wcrtomb.o)
 .data          0x0000000004730e18        0x0 c:/altera/14.1/nios2eds/bin/gnu/h-x86_64-mingw32/bin/../lib/gcc/nios2-elf/4.8.3/../../../../../H-x86_64-mingw32/nios2-elf/lib\libc.a(lib_a-wctomb_r.o)
 .data          0x0000000004730e18        0x0 c:/altera/14.1/nios2eds/bin/gnu/h-x86_64-mingw32/bin/../lib/gcc/nios2-elf/4.8.3\libgcc.a(_udivdi3.o)
 .data          0x0000000004730e18        0x0 c:/altera/14.1/nios2eds/bin/gnu/h-x86_64-mingw32/bin/../lib/gcc/nios2-elf/4.8.3\libgcc.a(_umoddi3.o)
 .data          0x0000000004730e18        0x0 c:/altera/14.1/nios2eds/bin/gnu/h-x86_64-mingw32/bin/../lib/gcc/nios2-elf/4.8.3\libgcc.a(adddf3.o)
 .data          0x0000000004730e18        0x0 c:/altera/14.1/nios2eds/bin/gnu/h-x86_64-mingw32/bin/../lib/gcc/nios2-elf/4.8.3\libgcc.a(divdf3.o)
 .data          0x0000000004730e18        0x0 c:/altera/14.1/nios2eds/bin/gnu/h-x86_64-mingw32/bin/../lib/gcc/nios2-elf/4.8.3\libgcc.a(eqdf2.o)
 .data          0x0000000004730e18        0x0 c:/altera/14.1/nios2eds/bin/gnu/h-x86_64-mingw32/bin/../lib/gcc/nios2-elf/4.8.3\libgcc.a(gedf2.o)
 .data          0x0000000004730e18        0x0 c:/altera/14.1/nios2eds/bin/gnu/h-x86_64-mingw32/bin/../lib/gcc/nios2-elf/4.8.3\libgcc.a(ledf2.o)
 .data          0x0000000004730e18        0x0 c:/altera/14.1/nios2eds/bin/gnu/h-x86_64-mingw32/bin/../lib/gcc/nios2-elf/4.8.3\libgcc.a(muldf3.o)
 .data          0x0000000004730e18        0x0 c:/altera/14.1/nios2eds/bin/gnu/h-x86_64-mingw32/bin/../lib/gcc/nios2-elf/4.8.3\libgcc.a(subdf3.o)
 .data          0x0000000004730e18        0x0 c:/altera/14.1/nios2eds/bin/gnu/h-x86_64-mingw32/bin/../lib/gcc/nios2-elf/4.8.3\libgcc.a(fixdfsi.o)
 .data          0x0000000004730e18        0x0 c:/altera/14.1/nios2eds/bin/gnu/h-x86_64-mingw32/bin/../lib/gcc/nios2-elf/4.8.3\libgcc.a(floatsidf.o)
 .data          0x0000000004730e18        0x0 c:/altera/14.1/nios2eds/bin/gnu/h-x86_64-mingw32/bin/../lib/gcc/nios2-elf/4.8.3\libgcc.a(floatunsidf.o)
 .data          0x0000000004730e18        0x0 c:/altera/14.1/nios2eds/bin/gnu/h-x86_64-mingw32/bin/../lib/gcc/nios2-elf/4.8.3\libgcc.a(_clz.o)
 .data          0x0000000004730e18        0x0 c:/altera/14.1/nios2eds/bin/gnu/h-x86_64-mingw32/bin/../lib/gcc/nios2-elf/4.8.3\libgcc.a(_clzsi2.o)
 .data          0x0000000004730e18        0x0 ../lab5_bsp/\libucosii_bsp.a(alt_close.o)
 .data          0x0000000004730e18        0x0 ../lab5_bsp/\libucosii_bsp.a(alt_dcache_flush_all.o)
 .data          0x0000000004730e18      0x1a8 ../lab5_bsp/\libucosii_bsp.a(alt_dev.o)
                0x0000000004730e18                alt_fd_list
                0x0000000004730f98                alt_dev_null
 .data          0x0000000004730fc0        0x0 ../lab5_bsp/\libucosii_bsp.a(alt_errno.o)
 .data          0x0000000004730fc0        0x0 ../lab5_bsp/\libucosii_bsp.a(alt_fstat.o)
 .data          0x0000000004730fc0        0x0 ../lab5_bsp/\libucosii_bsp.a(alt_iic.o)
 .data          0x0000000004730fc0        0x0 ../lab5_bsp/\libucosii_bsp.a(alt_iic_isr_register.o)
 .data          0x0000000004730fc0        0x0 ../lab5_bsp/\libucosii_bsp.a(alt_irq_entry.o)
 .data          0x0000000004730fc0        0x0 ../lab5_bsp/\libucosii_bsp.a(alt_irq_handler.o)
 .data          0x0000000004730fc0        0x0 ../lab5_bsp/\libucosii_bsp.a(alt_irq_vars.o)
 .data          0x0000000004730fc0        0x0 ../lab5_bsp/\libucosii_bsp.a(alt_isatty.o)
 .data          0x0000000004730fc0        0x0 ../lab5_bsp/\libucosii_bsp.a(alt_load.o)
 .data          0x0000000004730fc0        0x0 ../lab5_bsp/\libucosii_bsp.a(alt_lseek.o)
 .data          0x0000000004730fc0        0x0 ../lab5_bsp/\libucosii_bsp.a(alt_main.o)
 .data          0x0000000004730fc0        0x0 ../lab5_bsp/\libucosii_bsp.a(alt_read.o)
 .data          0x0000000004730fc0        0x0 ../lab5_bsp/\libucosii_bsp.a(alt_release_fd.o)
 .data          0x0000000004730fc0        0x0 ../lab5_bsp/\libucosii_bsp.a(alt_sbrk.o)
 .data          0x0000000004730fc0        0x0 ../lab5_bsp/\libucosii_bsp.a(alt_tick.o)
 .data          0x0000000004730fc0        0x0 ../lab5_bsp/\libucosii_bsp.a(alt_write.o)
 .data          0x0000000004730fc0        0x0 ../lab5_bsp/\libucosii_bsp.a(alt_env_lock.o)
 .data          0x0000000004730fc0        0x0 ../lab5_bsp/\libucosii_bsp.a(alt_malloc_lock.o)
 .data          0x0000000004730fc0        0x0 ../lab5_bsp/\libucosii_bsp.a(os_core.o)
 .data          0x0000000004730fc0        0x0 ../lab5_bsp/\libucosii_bsp.a(os_dbg.o)
 .data          0x0000000004730fc0        0x0 ../lab5_bsp/\libucosii_bsp.a(os_flag.o)
 .data          0x0000000004730fc0        0x0 ../lab5_bsp/\libucosii_bsp.a(os_mem.o)
 .data          0x0000000004730fc0        0x0 ../lab5_bsp/\libucosii_bsp.a(os_q.o)
 .data          0x0000000004730fc0        0x0 ../lab5_bsp/\libucosii_bsp.a(os_sem.o)
 .data          0x0000000004730fc0        0x0 ../lab5_bsp/\libucosii_bsp.a(os_task.o)
 .data          0x0000000004730fc0        0x0 ../lab5_bsp/\libucosii_bsp.a(os_time.o)
 .data          0x0000000004730fc0     0x106c ../lab5_bsp/\libucosii_bsp.a(alt_sys_init.o)
 .data          0x000000000473202c        0x0 ../lab5_bsp/\libucosii_bsp.a(altera_avalon_jtag_uart_fd.o)
 .data          0x000000000473202c        0x0 ../lab5_bsp/\libucosii_bsp.a(altera_avalon_jtag_uart_init.o)
 .data          0x000000000473202c        0x0 ../lab5_bsp/\libucosii_bsp.a(altera_avalon_jtag_uart_ioctl.o)
 .data          0x000000000473202c        0x0 ../lab5_bsp/\libucosii_bsp.a(altera_avalon_jtag_uart_read.o)
 .data          0x000000000473202c        0x0 ../lab5_bsp/\libucosii_bsp.a(altera_avalon_jtag_uart_write.o)
 .data          0x000000000473202c        0x0 ../lab5_bsp/\libucosii_bsp.a(altera_avalon_timer_sc.o)
 .data          0x000000000473202c        0x0 ../lab5_bsp/\libucosii_bsp.a(alt_alarm_start.o)
 .data          0x000000000473202c        0x0 ../lab5_bsp/\libucosii_bsp.a(alt_dev_llist_insert.o)
 .data          0x000000000473202c        0x0 ../lab5_bsp/\libucosii_bsp.a(alt_do_ctors.o)
 .data          0x000000000473202c        0x0 ../lab5_bsp/\libucosii_bsp.a(alt_do_dtors.o)
 .data          0x000000000473202c        0x0 ../lab5_bsp/\libucosii_bsp.a(alt_exception_entry.o)
 .data          0x000000000473202c        0x0 ../lab5_bsp/\libucosii_bsp.a(alt_icache_flush_all.o)
 .data          0x000000000473202c        0x0 ../lab5_bsp/\libucosii_bsp.a(alt_io_redirect.o)
 .data          0x000000000473202c        0x0 ../lab5_bsp/\libucosii_bsp.a(alt_open.o)
 .data          0x000000000473202c        0x0 ../lab5_bsp/\libucosii_bsp.a(altera_nios2_qsys_irq.o)
 .data          0x000000000473202c        0x0 ../lab5_bsp/\libucosii_bsp.a(os_cpu_a.o)
 .data          0x000000000473202c        0x0 ../lab5_bsp/\libucosii_bsp.a(os_cpu_c.o)
 .data          0x000000000473202c        0x0 ../lab5_bsp/\libucosii_bsp.a(alt_find_dev.o)
 .data          0x000000000473202c        0x0 ../lab5_bsp/\libucosii_bsp.a(alt_find_file.o)
 .data          0x000000000473202c        0x0 ../lab5_bsp/\libucosii_bsp.a(alt_get_fd.o)
 .data          0x000000000473202c        0x0 ../lab5_bsp/\libucosii_bsp.a(alt_icache_flush.o)
 .data          0x000000000473202c        0x0 c:/altera/14.1/nios2eds/bin/gnu/h-x86_64-mingw32/bin/../lib/gcc/nios2-elf/4.8.3/../../../../../H-x86_64-mingw32/nios2-elf/lib\libc.a(lib_a-atexit.o)
 .data          0x000000000473202c        0x0 c:/altera/14.1/nios2eds/bin/gnu/h-x86_64-mingw32/bin/../lib/gcc/nios2-elf/4.8.3/../../../../../H-x86_64-mingw32/nios2-elf/lib\libc.a(lib_a-exit.o)
 .data          0x000000000473202c        0x0 c:/altera/14.1/nios2eds/bin/gnu/h-x86_64-mingw32/bin/../lib/gcc/nios2-elf/4.8.3/../../../../../H-x86_64-mingw32/nios2-elf/lib\libc.a(lib_a-memcmp.o)
 .data          0x000000000473202c        0x0 c:/altera/14.1/nios2eds/bin/gnu/h-x86_64-mingw32/bin/../lib/gcc/nios2-elf/4.8.3/../../../../../H-x86_64-mingw32/nios2-elf/lib\libc.a(lib_a-__atexit.o)
 .data          0x000000000473202c        0x0 c:/altera/14.1/nios2eds/bin/gnu/h-x86_64-mingw32/bin/../lib/gcc/nios2-elf/4.8.3/../../../../../H-x86_64-mingw32/nios2-elf/lib\libc.a(lib_a-__call_atexit.o)
 .data          0x000000000473202c        0x0 ../lab5_bsp/\libucosii_bsp.a(alt_exit.o)
                0x000000000473a02c                _gp = ABSOLUTE ((. + 0x8000))
                0x000000000473a02c                PROVIDE (gp, _gp)
 *(.rwdata .rwdata.*)
 *(.sdata .sdata.* .gnu.linkonce.s.*)
 .sdata         0x000000000473202c        0x4 obj/default/graphic_lib/simple_graphics.o
                0x000000000473202c                cour10_font
 .sdata         0x0000000004732030        0x4 obj/default/hello_ucosii.o
                0x0000000004732030                freq_reader
 .sdata         0x0000000004732034        0x4 obj/default/song/song.o
                0x0000000004732034                size_song
 .sdata         0x0000000004732038        0x8 c:/altera/14.1/nios2eds/bin/gnu/h-x86_64-mingw32/bin/../lib/gcc/nios2-elf/4.8.3/../../../../../H-x86_64-mingw32/nios2-elf/lib\libc.a(lib_a-mallocr.o)
                0x0000000004732038                __malloc_sbrk_base
                0x000000000473203c                __malloc_trim_threshold
 .sdata         0x0000000004732040        0x8 c:/altera/14.1/nios2eds/bin/gnu/h-x86_64-mingw32/bin/../lib/gcc/nios2-elf/4.8.3/../../../../../H-x86_64-mingw32/nios2-elf/lib\libc.a(lib_a-impure.o)
                0x0000000004732040                _global_impure_ptr
                0x0000000004732044                _impure_ptr
 .sdata         0x0000000004732048        0x4 c:/altera/14.1/nios2eds/bin/gnu/h-x86_64-mingw32/bin/../lib/gcc/nios2-elf/4.8.3/../../../../../H-x86_64-mingw32/nios2-elf/lib\libc.a(lib_a-locale.o)
                0x0000000004732048                __mb_cur_max
 .sdata         0x000000000473204c        0x4 c:/altera/14.1/nios2eds/bin/gnu/h-x86_64-mingw32/bin/../lib/gcc/nios2-elf/4.8.3/../../../../../H-x86_64-mingw32/nios2-elf/lib\libc.a(lib_a-wctomb_r.o)
                0x000000000473204c                __wctomb
 .sdata         0x0000000004732050       0x14 ../lab5_bsp/\libucosii_bsp.a(alt_dev.o)
                0x0000000004732050                alt_max_fd
                0x0000000004732054                alt_dev_list
                0x000000000473205c                alt_fs_list
 .sdata         0x0000000004732064        0x4 ../lab5_bsp/\libucosii_bsp.a(alt_errno.o)
                0x0000000004732064                alt_errno
 .sdata         0x0000000004732068        0x4 ../lab5_bsp/\libucosii_bsp.a(alt_irq_vars.o)
                0x0000000004732068                alt_priority_mask
 .sdata         0x000000000473206c        0x4 ../lab5_bsp/\libucosii_bsp.a(alt_sbrk.o)
 .sdata         0x0000000004732070        0x8 ../lab5_bsp/\libucosii_bsp.a(alt_tick.o)
                0x0000000004732070                alt_alarm_list
 .sdata         0x0000000004732078        0x4 ../lab5_bsp/\libucosii_bsp.a(alt_env_lock.o)
 .sdata         0x000000000473207c        0x4 ../lab5_bsp/\libucosii_bsp.a(alt_malloc_lock.o)
 .sdata         0x0000000004732080       0x74 ../lab5_bsp/\libucosii_bsp.a(os_dbg.o)
                0x0000000004732080                OSDataSize
                0x0000000004732082                OSTmrWheelTblSize
                0x0000000004732084                OSTmrWheelSize
                0x0000000004732086                OSTmrTblSize
                0x0000000004732088                OSTmrSize
                0x000000000473208a                OSTmrCfgTicksPerSec
                0x000000000473208c                OSTmrCfgWheelSize
                0x000000000473208e                OSTmrCfgNameSize
                0x0000000004732090                OSTmrCfgMax
                0x0000000004732092                OSTmrEn
                0x0000000004732094                OSVersionNbr
                0x0000000004732096                OSTimeTickHookEn
                0x0000000004732098                OSTicksPerSec
                0x000000000473209a                OSTCBSize
                0x000000000473209c                OSTCBPrioTblMax
                0x000000000473209e                OSTaskSwHookEn
                0x00000000047320a0                OSTaskStatStkChkEn
                0x00000000047320a2                OSTaskStatStkSize
                0x00000000047320a4                OSTaskStatEn
                0x00000000047320a6                OSTaskNameSize
                0x00000000047320a8                OSTaskMax
                0x00000000047320aa                OSTaskProfileEn
                0x00000000047320ac                OSTaskIdleStkSize
                0x00000000047320ae                OSTaskDelEn
                0x00000000047320b0                OSTaskCreateExtEn
                0x00000000047320b2                OSTaskCreateEn
                0x00000000047320b4                OSStkWidth
                0x00000000047320b6                OSSemEn
                0x00000000047320b8                OSRdyTblSize
                0x00000000047320ba                OSQSize
                0x00000000047320bc                OSQMax
                0x00000000047320be                OSQEn
                0x00000000047320c0                OSPtrSize
                0x00000000047320c2                OSMutexEn
                0x00000000047320c4                OSMemTblSize
                0x00000000047320c6                OSMemSize
                0x00000000047320c8                OSMemNameSize
                0x00000000047320ca                OSMemMax
                0x00000000047320cc                OSMemEn
                0x00000000047320ce                OSMboxEn
                0x00000000047320d0                OSLowestPrio
                0x00000000047320d2                OSFlagNameSize
                0x00000000047320d4                OSFlagMax
                0x00000000047320d6                OSFlagWidth
                0x00000000047320d8                OSFlagNodeSize
                0x00000000047320da                OSFlagGrpSize
                0x00000000047320dc                OSFlagEn
                0x00000000047320de                OSEventMultiEn
                0x00000000047320e0                OSEventTblSize
                0x00000000047320e2                OSEventSize
                0x00000000047320e4                OSEventNameSize
                0x00000000047320e6                OSEventMax
                0x00000000047320e8                OSEventEn
                0x00000000047320ec                OSEndiannessTest
                0x00000000047320f0                OSDebugEn
 *(.sdata2 .sdata2.* .gnu.linkonce.s2.*)
                0x00000000047320f4                . = ALIGN (0x4)
                0x00000000047320f4                _edata = ABSOLUTE (.)
                0x00000000047320f4                PROVIDE (edata, ABSOLUTE (.))
                0x00000000047320f4                PROVIDE (__ram_rwdata_end, ABSOLUTE (.))
                0x00000000047320f4                PROVIDE (__flash_rwdata_start, LOADADDR (.rwdata))

.bss            0x000000000473580c     0xf404
                0x000000000473580c                __bss_start = ABSOLUTE (.)
                0x000000000473580c                PROVIDE (__sbss_start, ABSOLUTE (.))
                0x000000000473580c                PROVIDE (___sbss_start, ABSOLUTE (.))
 *(.dynsbss)
 *(.sbss .sbss.* .gnu.linkonce.sb.*)
 .sbss          0x000000000473580c        0x1 obj/default/drivers/drivers.o
 .sbss          0x000000000473580d        0x3 obj/default/hello_ucosii.o
                0x000000000473580d                stop_song
                0x000000000473580e                pause_song
                0x000000000473580f                play_song
 .sbss          0x0000000004735810        0x4 obj/default/hello_ucosii.o
                0x0000000004735810                SW_Frame
 .sbss          0x0000000004735814        0xc c:/altera/14.1/nios2eds/bin/gnu/h-x86_64-mingw32/bin/../lib/gcc/nios2-elf/4.8.3/../../../../../H-x86_64-mingw32/nios2-elf/lib\libc.a(lib_a-mallocr.o)
                0x0000000004735814                __malloc_max_total_mem
                0x0000000004735818                __malloc_max_sbrked_mem
                0x000000000473581c                __malloc_top_pad
 .sbss          0x0000000004735820        0x4 c:/altera/14.1/nios2eds/bin/gnu/h-x86_64-mingw32/bin/../lib/gcc/nios2-elf/4.8.3/../../../../../H-x86_64-mingw32/nios2-elf/lib\libc.a(lib_a-int_errno.o)
                0x0000000004735820                errno
 .sbss          0x0000000004735824        0xc c:/altera/14.1/nios2eds/bin/gnu/h-x86_64-mingw32/bin/../lib/gcc/nios2-elf/4.8.3/../../../../../H-x86_64-mingw32/nios2-elf/lib\libc.a(lib_a-locale.o)
                0x0000000004735824                _PathLocale
                0x0000000004735828                __mlocale_changed
                0x000000000473582c                __nlocale_changed
 .sbss          0x0000000004735830        0x4 ../lab5_bsp/\libucosii_bsp.a(alt_dev.o)
                0x0000000004735830                alt_fd_list_lock
 .sbss          0x0000000004735834        0x4 ../lab5_bsp/\libucosii_bsp.a(alt_irq_vars.o)
                0x0000000004735834                alt_irq_active
 .sbss          0x0000000004735838        0xc ../lab5_bsp/\libucosii_bsp.a(alt_main.o)
                0x0000000004735838                alt_envp
                0x000000000473583c                alt_argv
                0x0000000004735840                alt_argc
 .sbss          0x0000000004735844        0x8 ../lab5_bsp/\libucosii_bsp.a(alt_tick.o)
                0x0000000004735844                _alt_nticks
                0x0000000004735848                _alt_tick_rate
 .sbss          0x000000000473584c        0x8 ../lab5_bsp/\libucosii_bsp.a(alt_env_lock.o)
                0x0000000004735850                alt_envsem
 .sbss          0x0000000004735854        0x8 ../lab5_bsp/\libucosii_bsp.a(alt_malloc_lock.o)
                0x0000000004735858                alt_heapsem
 .sbss          0x000000000473585c       0x50 ../lab5_bsp/\libucosii_bsp.a(os_core.o)
                0x000000000473585c                OSLockNesting
                0x000000000473585d                OSRunning
                0x0000000004735860                OSIdleCtr
                0x0000000004735864                OSPrioHighRdy
                0x0000000004735865                OSPrioCur
                0x0000000004735868                OSTCBList
                0x000000000473586c                OSTickStepState
                0x0000000004735870                OSCtxSwCtr
                0x0000000004735874                OSIdleCtrMax
                0x0000000004735878                OSTCBFreeList
                0x000000000473587c                OSCPUUsage
                0x000000000473587d                OSTaskCtr
                0x0000000004735880                OSMemFreeList
                0x0000000004735884                OSTCBHighRdy
                0x0000000004735888                OSQFreeList
                0x000000000473588c                OSRdyGrp
                0x000000000473588d                OSRdyTbl
                0x0000000004735890                OSEventFreeList
                0x0000000004735894                OSIntNesting
                0x0000000004735898                OSTCBCur
                0x000000000473589c                OSTime
                0x00000000047358a0                OSFlagFreeList
                0x00000000047358a4                OSStatRdy
                0x00000000047358a8                OSIdleCtrRun
 *(.sbss2 .sbss2.* .gnu.linkonce.sb2.*)
 *(.scommon)
                0x00000000047358ac                PROVIDE (__sbss_end, ABSOLUTE (.))
                0x00000000047358ac                PROVIDE (___sbss_end, ABSOLUTE (.))
 *(.dynbss)
 *(.bss .bss.* .gnu.linkonce.b.*)
 .bss           0x00000000047358ac        0x0 ../lab5_bsp//obj/HAL/src/crt0.o
 .bss           0x00000000047358ac        0x0 obj/default/drivers/drivers.o
 .bss           0x00000000047358ac        0x0 obj/default/fonts/tahomabold_20.o
 .bss           0x00000000047358ac        0x0 obj/default/fonts/tahomabold_32.o
 .bss           0x00000000047358ac        0x0 obj/default/frame.o
 .bss           0x00000000047358ac        0x0 obj/default/graphic_lib/draw_gimps.o
 .bss           0x00000000047358ac        0x0 obj/default/graphic_lib/gimp_bmp.o
 .bss           0x00000000047358ac        0x0 obj/default/graphic_lib/simple_graphics.o
 .bss           0x00000000047358ac        0x0 obj/default/graphic_lib/simple_text.o
 .bss           0x00000000047358ac        0x0 obj/default/hello_ucosii.o
 .bss           0x00000000047358ac        0x0 obj/default/imagenes/back_down.o
 .bss           0x00000000047358ac        0x0 obj/default/imagenes/back_up.o
 .bss           0x00000000047358ac        0x0 obj/default/imagenes/ford_down.o
 .bss           0x00000000047358ac        0x0 obj/default/imagenes/ford_up.o
 .bss           0x00000000047358ac        0x0 obj/default/imagenes/pause_down.o
 .bss           0x00000000047358ac        0x0 obj/default/imagenes/pause_up.o
 .bss           0x00000000047358ac        0x0 obj/default/imagenes/play_down.o
 .bss           0x00000000047358ac        0x0 obj/default/imagenes/play_up.o
 .bss           0x00000000047358ac        0x0 obj/default/imagenes/stop_down.o
 .bss           0x00000000047358ac        0x0 obj/default/imagenes/stop_up.o
 .bss           0x00000000047358ac        0x0 obj/default/song/song.o
 .bss           0x00000000047358ac        0x0 obj/default/student_code/student_code.o
 .bss           0x00000000047358ac        0x0 obj/default/vip_fr.o
 .bss           0x00000000047358ac        0x0 c:/altera/14.1/nios2eds/bin/gnu/h-x86_64-mingw32/bin/../lib/gcc/nios2-elf/4.8.3\libgcc.a(lib2-divmod.o)
 .bss           0x00000000047358ac        0x0 c:/altera/14.1/nios2eds/bin/gnu/h-x86_64-mingw32/bin/../lib/gcc/nios2-elf/4.8.3\libgcc.a(fixsfsi.o)
 .bss           0x00000000047358ac        0x0 c:/altera/14.1/nios2eds/bin/gnu/h-x86_64-mingw32/bin/../lib/gcc/nios2-elf/4.8.3/../../../../../H-x86_64-mingw32/nios2-elf/lib\libc.a(lib_a-malloc.o)
 .bss           0x00000000047358ac       0x28 c:/altera/14.1/nios2eds/bin/gnu/h-x86_64-mingw32/bin/../lib/gcc/nios2-elf/4.8.3/../../../../../H-x86_64-mingw32/nios2-elf/lib\libc.a(lib_a-mallocr.o)
                0x00000000047358ac                __malloc_current_mallinfo
 .bss           0x00000000047358d4        0x0 c:/altera/14.1/nios2eds/bin/gnu/h-x86_64-mingw32/bin/../lib/gcc/nios2-elf/4.8.3/../../../../../H-x86_64-mingw32/nios2-elf/lib\libc.a(lib_a-memcpy.o)
 .bss           0x00000000047358d4        0x0 c:/altera/14.1/nios2eds/bin/gnu/h-x86_64-mingw32/bin/../lib/gcc/nios2-elf/4.8.3/../../../../../H-x86_64-mingw32/nios2-elf/lib\libc.a(lib_a-memset.o)
 .bss           0x00000000047358d4        0x0 c:/altera/14.1/nios2eds/bin/gnu/h-x86_64-mingw32/bin/../lib/gcc/nios2-elf/4.8.3/../../../../../H-x86_64-mingw32/nios2-elf/lib\libc.a(lib_a-printf.o)
 .bss           0x00000000047358d4        0x0 c:/altera/14.1/nios2eds/bin/gnu/h-x86_64-mingw32/bin/../lib/gcc/nios2-elf/4.8.3/../../../../../H-x86_64-mingw32/nios2-elf/lib\libc.a(lib_a-sbrkr.o)
 .bss           0x00000000047358d4        0x0 c:/altera/14.1/nios2eds/bin/gnu/h-x86_64-mingw32/bin/../lib/gcc/nios2-elf/4.8.3/../../../../../H-x86_64-mingw32/nios2-elf/lib\libc.a(lib_a-strcpy.o)
 .bss           0x00000000047358d4        0x0 c:/altera/14.1/nios2eds/bin/gnu/h-x86_64-mingw32/bin/../lib/gcc/nios2-elf/4.8.3/../../../../../H-x86_64-mingw32/nios2-elf/lib\libc.a(lib_a-strlen.o)
 .bss           0x00000000047358d4        0x0 c:/altera/14.1/nios2eds/bin/gnu/h-x86_64-mingw32/bin/../lib/gcc/nios2-elf/4.8.3/../../../../../H-x86_64-mingw32/nios2-elf/lib\libc.a(lib_a-vfprintf.o)
 .bss           0x00000000047358d4        0x0 c:/altera/14.1/nios2eds/bin/gnu/h-x86_64-mingw32/bin/../lib/gcc/nios2-elf/4.8.3/../../../../../H-x86_64-mingw32/nios2-elf/lib\libc.a(lib_a-wsetup.o)
 .bss           0x00000000047358d4        0x0 c:/altera/14.1/nios2eds/bin/gnu/h-x86_64-mingw32/bin/../lib/gcc/nios2-elf/4.8.3/../../../../../H-x86_64-mingw32/nios2-elf/lib\libc.a(lib_a-dtoa.o)
 .bss           0x00000000047358d4        0x0 c:/altera/14.1/nios2eds/bin/gnu/h-x86_64-mingw32/bin/../lib/gcc/nios2-elf/4.8.3/../../../../../H-x86_64-mingw32/nios2-elf/lib\libc.a(lib_a-fflush.o)
 .bss           0x00000000047358d4        0x0 c:/altera/14.1/nios2eds/bin/gnu/h-x86_64-mingw32/bin/../lib/gcc/nios2-elf/4.8.3/../../../../../H-x86_64-mingw32/nios2-elf/lib\libc.a(lib_a-findfp.o)
 .bss           0x00000000047358d4        0x0 c:/altera/14.1/nios2eds/bin/gnu/h-x86_64-mingw32/bin/../lib/gcc/nios2-elf/4.8.3/../../../../../H-x86_64-mingw32/nios2-elf/lib\libc.a(lib_a-freer.o)
 .bss           0x00000000047358d4        0x0 c:/altera/14.1/nios2eds/bin/gnu/h-x86_64-mingw32/bin/../lib/gcc/nios2-elf/4.8.3/../../../../../H-x86_64-mingw32/nios2-elf/lib\libc.a(lib_a-fwalk.o)
 .bss           0x00000000047358d4        0x0 c:/altera/14.1/nios2eds/bin/gnu/h-x86_64-mingw32/bin/../lib/gcc/nios2-elf/4.8.3/../../../../../H-x86_64-mingw32/nios2-elf/lib\libc.a(lib_a-impure.o)
 .bss           0x00000000047358d4        0x0 c:/altera/14.1/nios2eds/bin/gnu/h-x86_64-mingw32/bin/../lib/gcc/nios2-elf/4.8.3/../../../../../H-x86_64-mingw32/nios2-elf/lib\libc.a(lib_a-int_errno.o)
 .bss           0x00000000047358d4        0x0 c:/altera/14.1/nios2eds/bin/gnu/h-x86_64-mingw32/bin/../lib/gcc/nios2-elf/4.8.3/../../../../../H-x86_64-mingw32/nios2-elf/lib\libc.a(lib_a-locale.o)
 .bss           0x00000000047358d4        0x0 c:/altera/14.1/nios2eds/bin/gnu/h-x86_64-mingw32/bin/../lib/gcc/nios2-elf/4.8.3/../../../../../H-x86_64-mingw32/nios2-elf/lib\libc.a(lib_a-makebuf.o)
 .bss           0x00000000047358d4        0x0 c:/altera/14.1/nios2eds/bin/gnu/h-x86_64-mingw32/bin/../lib/gcc/nios2-elf/4.8.3/../../../../../H-x86_64-mingw32/nios2-elf/lib\libc.a(lib_a-memchr.o)
 .bss           0x00000000047358d4        0x0 c:/altera/14.1/nios2eds/bin/gnu/h-x86_64-mingw32/bin/../lib/gcc/nios2-elf/4.8.3/../../../../../H-x86_64-mingw32/nios2-elf/lib\libc.a(lib_a-mprec.o)
 .bss           0x00000000047358d4        0x0 c:/altera/14.1/nios2eds/bin/gnu/h-x86_64-mingw32/bin/../lib/gcc/nios2-elf/4.8.3/../../../../../H-x86_64-mingw32/nios2-elf/lib\libc.a(lib_a-s_fpclassify.o)
 .bss           0x00000000047358d4        0x0 c:/altera/14.1/nios2eds/bin/gnu/h-x86_64-mingw32/bin/../lib/gcc/nios2-elf/4.8.3/../../../../../H-x86_64-mingw32/nios2-elf/lib\libc.a(lib_a-stdio.o)
 .bss           0x00000000047358d4        0x0 c:/altera/14.1/nios2eds/bin/gnu/h-x86_64-mingw32/bin/../lib/gcc/nios2-elf/4.8.3/../../../../../H-x86_64-mingw32/nios2-elf/lib\libc.a(lib_a-strcmp.o)
 .bss           0x00000000047358d4        0x0 c:/altera/14.1/nios2eds/bin/gnu/h-x86_64-mingw32/bin/../lib/gcc/nios2-elf/4.8.3/../../../../../H-x86_64-mingw32/nios2-elf/lib\libc.a(lib_a-vfiprintf.o)
 .bss           0x00000000047358d4        0x0 c:/altera/14.1/nios2eds/bin/gnu/h-x86_64-mingw32/bin/../lib/gcc/nios2-elf/4.8.3/../../../../../H-x86_64-mingw32/nios2-elf/lib\libc.a(lib_a-writer.o)
 .bss           0x00000000047358d4        0x0 c:/altera/14.1/nios2eds/bin/gnu/h-x86_64-mingw32/bin/../lib/gcc/nios2-elf/4.8.3/../../../../../H-x86_64-mingw32/nios2-elf/lib\libc.a(closer.o)
 .bss           0x00000000047358d4        0x0 c:/altera/14.1/nios2eds/bin/gnu/h-x86_64-mingw32/bin/../lib/gcc/nios2-elf/4.8.3/../../../../../H-x86_64-mingw32/nios2-elf/lib\libc.a(lib_a-callocr.o)
 .bss           0x00000000047358d4        0x0 c:/altera/14.1/nios2eds/bin/gnu/h-x86_64-mingw32/bin/../lib/gcc/nios2-elf/4.8.3/../../../../../H-x86_64-mingw32/nios2-elf/lib\libc.a(lib_a-fclose.o)
 .bss           0x00000000047358d4        0x0 c:/altera/14.1/nios2eds/bin/gnu/h-x86_64-mingw32/bin/../lib/gcc/nios2-elf/4.8.3/../../../../../H-x86_64-mingw32/nios2-elf/lib\libc.a(lib_a-fputwc.o)
 .bss           0x00000000047358d4        0x0 c:/altera/14.1/nios2eds/bin/gnu/h-x86_64-mingw32/bin/../lib/gcc/nios2-elf/4.8.3/../../../../../H-x86_64-mingw32/nios2-elf/lib\libc.a(lib_a-fstatr.o)
 .bss           0x00000000047358d4        0x0 c:/altera/14.1/nios2eds/bin/gnu/h-x86_64-mingw32/bin/../lib/gcc/nios2-elf/4.8.3/../../../../../H-x86_64-mingw32/nios2-elf/lib\libc.a(lib_a-fvwrite.o)
 .bss           0x00000000047358d4        0x0 c:/altera/14.1/nios2eds/bin/gnu/h-x86_64-mingw32/bin/../lib/gcc/nios2-elf/4.8.3/../../../../../H-x86_64-mingw32/nios2-elf/lib\libc.a(lib_a-isattyr.o)
 .bss           0x00000000047358d4        0x0 c:/altera/14.1/nios2eds/bin/gnu/h-x86_64-mingw32/bin/../lib/gcc/nios2-elf/4.8.3/../../../../../H-x86_64-mingw32/nios2-elf/lib\libc.a(lib_a-lseekr.o)
 .bss           0x00000000047358d4        0x0 c:/altera/14.1/nios2eds/bin/gnu/h-x86_64-mingw32/bin/../lib/gcc/nios2-elf/4.8.3/../../../../../H-x86_64-mingw32/nios2-elf/lib\libc.a(lib_a-memmove.o)
 .bss           0x00000000047358d4        0x0 c:/altera/14.1/nios2eds/bin/gnu/h-x86_64-mingw32/bin/../lib/gcc/nios2-elf/4.8.3/../../../../../H-x86_64-mingw32/nios2-elf/lib\libc.a(lib_a-readr.o)
 .bss           0x00000000047358d4        0x0 c:/altera/14.1/nios2eds/bin/gnu/h-x86_64-mingw32/bin/../lib/gcc/nios2-elf/4.8.3/../../../../../H-x86_64-mingw32/nios2-elf/lib\libc.a(lib_a-reallocr.o)
 .bss           0x00000000047358d4        0x0 c:/altera/14.1/nios2eds/bin/gnu/h-x86_64-mingw32/bin/../lib/gcc/nios2-elf/4.8.3/../../../../../H-x86_64-mingw32/nios2-elf/lib\libc.a(lib_a-wbuf.o)